Archive member included to satisfy reference by file (symbol)

c:/st/stm32cubeide_1.6.1/stm32cubeide/plugins/com.st.stm32cube.ide.mcu.externaltools.gnu-tools-for-stm32.9-2020-q2-update.win32_2.0.0.202105311346/tools/bin/../lib/gcc/arm-none-eabi/9.3.1/../../../../arm-none-eabi/lib/thumb/v7e-m+dp/hard\libc_nano.a(lib_a-assert.o)
                              ./Middlewares/modbus/functions/mbutils.o (__assert_func)
c:/st/stm32cubeide_1.6.1/stm32cubeide/plugins/com.st.stm32cube.ide.mcu.externaltools.gnu-tools-for-stm32.9-2020-q2-update.win32_2.0.0.202105311346/tools/bin/../lib/gcc/arm-none-eabi/9.3.1/../../../../arm-none-eabi/lib/thumb/v7e-m+dp/hard\libc_nano.a(lib_a-errno.o)
                              ./Core/Src/syscalls.o (__errno)
c:/st/stm32cubeide_1.6.1/stm32cubeide/plugins/com.st.stm32cube.ide.mcu.externaltools.gnu-tools-for-stm32.9-2020-q2-update.win32_2.0.0.202105311346/tools/bin/../lib/gcc/arm-none-eabi/9.3.1/../../../../arm-none-eabi/lib/thumb/v7e-m+dp/hard\libc_nano.a(lib_a-exit.o)
                              c:/st/stm32cubeide_1.6.1/stm32cubeide/plugins/com.st.stm32cube.ide.mcu.externaltools.gnu-tools-for-stm32.9-2020-q2-update.win32_2.0.0.202105311346/tools/bin/../lib/gcc/arm-none-eabi/9.3.1/../../../../arm-none-eabi/lib/thumb/v7e-m+dp/hard/crt0.o (exit)
c:/st/stm32cubeide_1.6.1/stm32cubeide/plugins/com.st.stm32cube.ide.mcu.externaltools.gnu-tools-for-stm32.9-2020-q2-update.win32_2.0.0.202105311346/tools/bin/../lib/gcc/arm-none-eabi/9.3.1/../../../../arm-none-eabi/lib/thumb/v7e-m+dp/hard\libc_nano.a(lib_a-fprintf.o)
                              c:/st/stm32cubeide_1.6.1/stm32cubeide/plugins/com.st.stm32cube.ide.mcu.externaltools.gnu-tools-for-stm32.9-2020-q2-update.win32_2.0.0.202105311346/tools/bin/../lib/gcc/arm-none-eabi/9.3.1/../../../../arm-none-eabi/lib/thumb/v7e-m+dp/hard\libc_nano.a(lib_a-assert.o) (fiprintf)
c:/st/stm32cubeide_1.6.1/stm32cubeide/plugins/com.st.stm32cube.ide.mcu.externaltools.gnu-tools-for-stm32.9-2020-q2-update.win32_2.0.0.202105311346/tools/bin/../lib/gcc/arm-none-eabi/9.3.1/../../../../arm-none-eabi/lib/thumb/v7e-m+dp/hard\libc_nano.a(lib_a-impure.o)
                              c:/st/stm32cubeide_1.6.1/stm32cubeide/plugins/com.st.stm32cube.ide.mcu.externaltools.gnu-tools-for-stm32.9-2020-q2-update.win32_2.0.0.202105311346/tools/bin/../lib/gcc/arm-none-eabi/9.3.1/../../../../arm-none-eabi/lib/thumb/v7e-m+dp/hard\libc_nano.a(lib_a-exit.o) (_global_impure_ptr)
c:/st/stm32cubeide_1.6.1/stm32cubeide/plugins/com.st.stm32cube.ide.mcu.externaltools.gnu-tools-for-stm32.9-2020-q2-update.win32_2.0.0.202105311346/tools/bin/../lib/gcc/arm-none-eabi/9.3.1/../../../../arm-none-eabi/lib/thumb/v7e-m+dp/hard\libc_nano.a(lib_a-init.o)
                              c:/st/stm32cubeide_1.6.1/stm32cubeide/plugins/com.st.stm32cube.ide.mcu.externaltools.gnu-tools-for-stm32.9-2020-q2-update.win32_2.0.0.202105311346/tools/bin/../lib/gcc/arm-none-eabi/9.3.1/../../../../arm-none-eabi/lib/thumb/v7e-m+dp/hard/crt0.o (__libc_init_array)
c:/st/stm32cubeide_1.6.1/stm32cubeide/plugins/com.st.stm32cube.ide.mcu.externaltools.gnu-tools-for-stm32.9-2020-q2-update.win32_2.0.0.202105311346/tools/bin/../lib/gcc/arm-none-eabi/9.3.1/../../../../arm-none-eabi/lib/thumb/v7e-m+dp/hard\libc_nano.a(lib_a-memcpy-stub.o)
                              ./Middlewares/FreeRTOS/queue.o (memcpy)
c:/st/stm32cubeide_1.6.1/stm32cubeide/plugins/com.st.stm32cube.ide.mcu.externaltools.gnu-tools-for-stm32.9-2020-q2-update.win32_2.0.0.202105311346/tools/bin/../lib/gcc/arm-none-eabi/9.3.1/../../../../arm-none-eabi/lib/thumb/v7e-m+dp/hard\libc_nano.a(lib_a-memset.o)
                              c:/st/stm32cubeide_1.6.1/stm32cubeide/plugins/com.st.stm32cube.ide.mcu.externaltools.gnu-tools-for-stm32.9-2020-q2-update.win32_2.0.0.202105311346/tools/bin/../lib/gcc/arm-none-eabi/9.3.1/../../../../arm-none-eabi/lib/thumb/v7e-m+dp/hard/crt0.o (memset)
c:/st/stm32cubeide_1.6.1/stm32cubeide/plugins/com.st.stm32cube.ide.mcu.externaltools.gnu-tools-for-stm32.9-2020-q2-update.win32_2.0.0.202105311346/tools/bin/../lib/gcc/arm-none-eabi/9.3.1/../../../../arm-none-eabi/lib/thumb/v7e-m+dp/hard\libc_nano.a(lib_a-nano-vfprintf.o)
                              c:/st/stm32cubeide_1.6.1/stm32cubeide/plugins/com.st.stm32cube.ide.mcu.externaltools.gnu-tools-for-stm32.9-2020-q2-update.win32_2.0.0.202105311346/tools/bin/../lib/gcc/arm-none-eabi/9.3.1/../../../../arm-none-eabi/lib/thumb/v7e-m+dp/hard\libc_nano.a(lib_a-fprintf.o) (_vfprintf_r)
c:/st/stm32cubeide_1.6.1/stm32cubeide/plugins/com.st.stm32cube.ide.mcu.externaltools.gnu-tools-for-stm32.9-2020-q2-update.win32_2.0.0.202105311346/tools/bin/../lib/gcc/arm-none-eabi/9.3.1/../../../../arm-none-eabi/lib/thumb/v7e-m+dp/hard\libc_nano.a(lib_a-nano-vfprintf_i.o)
[...]
Memory Configuration

Name             Origin             Length             Attributes
RAM              0x0000000020000000 0x0000000000080000 xrw
FLASH            0x0000000008000000 0x0000000000200000 xr
*default*        0x0000000000000000 0xffffffffffffffff

Linker script and memory map

LOAD c:/st/stm32cubeide_1.6.1/stm32cubeide/plugins/com.st.stm32cube.ide.mcu.externaltools.gnu-tools-for-stm32.9-2020-q2-update.win32_2.0.0.202105311346/tools/bin/../lib/gcc/arm-none-eabi/9.3.1/thumb/v7e-m+dp/hard/crti.o
LOAD c:/st/stm32cubeide_1.6.1/stm32cubeide/plugins/com.st.stm32cube.ide.mcu.externaltools.gnu-tools-for-stm32.9-2020-q2-update.win32_2.0.0.202105311346/tools/bin/../lib/gcc/arm-none-eabi/9.3.1/thumb/v7e-m+dp/hard/crtbegin.o
LOAD c:/st/stm32cubeide_1.6.1/stm32cubeide/plugins/com.st.stm32cube.ide.mcu.externaltools.gnu-tools-for-stm32.9-2020-q2-update.win32_2.0.0.202105311346/tools/bin/../lib/gcc/arm-none-eabi/9.3.1/../../../../arm-none-eabi/lib/thumb/v7e-m+dp/hard/crt0.o
LOAD ./Core/Src/main.o
LOAD ./Core/Src/stm32f7xx_hal_msp.o
LOAD ./Core/Src/stm32f7xx_hal_timebase_tim.o
LOAD ./Core/Src/stm32f7xx_it.o
LOAD ./Core/Src/syscalls.o
LOAD ./Core/Src/sysmem.o
LOAD ./Core/Src/system_stm32f7xx.o
LOAD ./Core/Startup/startup_stm32f767zitx.o
LOAD ./Drivers/STM32F7xx_HAL_Driver/Src/stm32f7xx_hal.o
LOAD ./Drivers/STM32F7xx_HAL_Driver/Src/stm32f7xx_hal_cortex.o
LOAD ./Drivers/STM32F7xx_HAL_Driver/Src/stm32f7xx_hal_dma.o
LOAD ./Drivers/STM32F7xx_HAL_Driver/Src/stm32f7xx_hal_dma_ex.o
LOAD ./Drivers/STM32F7xx_HAL_Driver/Src/stm32f7xx_hal_exti.o
LOAD ./Drivers/STM32F7xx_HAL_Driver/Src/stm32f7xx_hal_flash.o
LOAD ./Drivers/STM32F7xx_HAL_Driver/Src/stm32f7xx_hal_flash_ex.o
LOAD ./Drivers/STM32F7xx_HAL_Driver/Src/stm32f7xx_hal_gpio.o
LOAD ./Drivers/STM32F7xx_HAL_Driver/Src/stm32f7xx_hal_i2c.o
LOAD ./Drivers/STM32F7xx_HAL_Driver/Src/stm32f7xx_hal_i2c_ex.o
LOAD ./Drivers/STM32F7xx_HAL_Driver/Src/stm32f7xx_hal_pwr.o
LOAD ./Drivers/STM32F7xx_HAL_Driver/Src/stm32f7xx_hal_pwr_ex.o
LOAD ./Drivers/STM32F7xx_HAL_Driver/Src/stm32f7xx_hal_rcc.o
LOAD ./Drivers/STM32F7xx_HAL_Driver/Src/stm32f7xx_hal_rcc_ex.o
LOAD ./Drivers/STM32F7xx_HAL_Driver/Src/stm32f7xx_hal_tim.o
LOAD ./Drivers/STM32F7xx_HAL_Driver/Src/stm32f7xx_hal_tim_ex.o
LOAD ./Drivers/STM32F7xx_HAL_Driver/Src/stm32f7xx_hal_uart.o
LOAD ./Drivers/STM32F7xx_HAL_Driver/Src/stm32f7xx_hal_uart_ex.o
LOAD ./Middlewares/FreeRTOS/croutine.o
LOAD ./Middlewares/FreeRTOS/event_groups.o
LOAD ./Middlewares/FreeRTOS/list.o
LOAD ./Middlewares/FreeRTOS/queue.o
LOAD ./Middlewares/FreeRTOS/stream_buffer.o
LOAD ./Middlewares/FreeRTOS/tasks.o
LOAD ./Middlewares/FreeRTOS/timers.o
LOAD ./Middlewares/FreeRTOS/portable/GCC/ARM_CM4F/port.o
LOAD ./Middlewares/FreeRTOS/portable/MemMang/heap_4.o
LOAD ./Middlewares/modbus/functions/mbfunccoils.o
LOAD ./Middlewares/modbus/functions/mbfuncdiag.o
LOAD ./Middlewares/modbus/functions/mbfuncdisc.o
LOAD ./Middlewares/modbus/functions/mbfuncholding.o
LOAD ./Middlewares/modbus/functions/mbfuncinput.o
LOAD ./Middlewares/modbus/functions/mbfuncother.o
LOAD ./Middlewares/modbus/functions/mbutils.o
LOAD ./Middlewares/modbus/mb.o
LOAD ./Middlewares/modbus/port/e_port.o
LOAD ./Middlewares/modbus/port/portevent.o
LOAD ./Middlewares/modbus/port/portserial.o
LOAD ./Middlewares/modbus/port/porttimer.o
LOAD ./Middlewares/modbus/port/user_mb_app.o
LOAD ./Middlewares/modbus/rtu/mbcrc.o
LOAD ./Middlewares/modbus/rtu/mbrtu.o
LOAD ./Middlewares/modbus_slave_task.o
START GROUP
LOAD c:/st/stm32cubeide_1.6.1/stm32cubeide/plugins/com.st.stm32cube.ide.mcu.externaltools.gnu-tools-for-stm32.9-2020-q2-update.win32_2.0.0.202105311346/tools/bin/../lib/gcc/arm-none-eabi/9.3.1/../../../../arm-none-eabi/lib/thumb/v7e-m+dp/hard\libc_nano.a
LOAD c:/st/stm32cubeide_1.6.1/stm32cubeide/plugins/com.st.stm32cube.ide.mcu.externaltools.gnu-tools-for-stm32.9-2020-q2-update.win32_2.0.0.202105311346/tools/bin/../lib/gcc/arm-none-eabi/9.3.1/../../../../arm-none-eabi/lib/thumb/v7e-m+dp/hard\libm.a
END GROUP
START GROUP
LOAD c:/st/stm32cubeide_1.6.1/stm32cubeide/plugins/com.st.stm32cube.ide.mcu.externaltools.gnu-tools-for-stm32.9-2020-q2-update.win32_2.0.0.202105311346/tools/bin/../lib/gcc/arm-none-eabi/9.3.1/thumb/v7e-m+dp/hard\libgcc.a
LOAD c:/st/stm32cubeide_1.6.1/stm32cubeide/plugins/com.st.stm32cube.ide.mcu.externaltools.gnu-tools-for-stm32.9-2020-q2-update.win32_2.0.0.202105311346/tools/bin/../lib/gcc/arm-none-eabi/9.3.1/../../../../arm-none-eabi/lib/thumb/v7e-m+dp/hard\libc_nano.a
END GROUP
START GROUP
LOAD c:/st/stm32cubeide_1.6.1/stm32cubeide/plugins/com.st.stm32cube.ide.mcu.externaltools.gnu-tools-for-stm32.9-2020-q2-update.win32_2.0.0.202105311346/tools/bin/../lib/gcc/arm-none-eabi/9.3.1/thumb/v7e-m+dp/hard\libgcc.a
LOAD c:/st/stm32cubeide_1.6.1/stm32cubeide/plugins/com.st.stm32cube.ide.mcu.externaltools.gnu-tools-for-stm32.9-2020-q2-update.win32_2.0.0.202105311346/tools/bin/../lib/gcc/arm-none-eabi/9.3.1/../../../../arm-none-eabi/lib/thumb/v7e-m+dp/hard\libc_nano.a
LOAD c:/st/stm32cubeide_1.6.1/stm32cubeide/plugins/com.st.stm32cube.ide.mcu.externaltools.gnu-tools-for-stm32.9-2020-q2-update.win32_2.0.0.202105311346/tools/bin/../lib/gcc/arm-none-eabi/9.3.1/../../../../arm-none-eabi/lib/thumb/v7e-m+dp/hard\libnosys.a
END GROUP
START GROUP
LOAD c:/st/stm32cubeide_1.6.1/stm32cubeide/plugins/com.st.stm32cube.ide.mcu.externaltools.gnu-tools-for-stm32.9-2020-q2-update.win32_2.0.0.202105311346/tools/bin/../lib/gcc/arm-none-eabi/9.3.1/thumb/v7e-m+dp/hard\libgcc.a
LOAD c:/st/stm32cubeide_1.6.1/stm32cubeide/plugins/com.st.stm32cube.ide.mcu.externaltools.gnu-tools-for-stm32.9-2020-q2-update.win32_2.0.0.202105311346/tools/bin/../lib/gcc/arm-none-eabi/9.3.1/../../../../arm-none-eabi/lib/thumb/v7e-m+dp/hard\libc_nano.a
LOAD c:/st/stm32cubeide_1.6.1/stm32cubeide/plugins/com.st.stm32cube.ide.mcu.externaltools.gnu-tools-for-stm32.9-2020-q2-update.win32_2.0.0.202105311346/tools/bin/../lib/gcc/arm-none-eabi/9.3.1/../../../../arm-none-eabi/lib/thumb/v7e-m+dp/hard\libnosys.a
END GROUP
LOAD c:/st/stm32cubeide_1.6.1/stm32cubeide/plugins/com.st.stm32cube.ide.mcu.externaltools.gnu-tools-for-stm32.9-2020-q2-update.win32_2.0.0.202105311346/tools/bin/../lib/gcc/arm-none-eabi/9.3.1/thumb/v7e-m+dp/hard/crtend.o
LOAD c:/st/stm32cubeide_1.6.1/stm32cubeide/plugins/com.st.stm32cube.ide.mcu.externaltools.gnu-tools-for-stm32.9-2020-q2-update.win32_2.0.0.202105311346/tools/bin/../lib/gcc/arm-none-eabi/9.3.1/thumb/v7e-m+dp/hard/crtn.o
                0x0000000020080000                _estack = (ORIGIN (RAM) + LENGTH (RAM))
                0x0000000000000200                _Min_Heap_Size = 0x200
                0x0000000000000400                _Min_Stack_Size = 0x400

.isr_vector     0x0000000008000000      0x1f8
                0x0000000008000000                . = ALIGN (0x4)
 *(.isr_vector)
 .isr_vector    0x0000000008000000      0x1f8 ./Core/Startup/startup_stm32f767zitx.o
                0x0000000008000000                g_pfnVectors
                0x00000000080001f8                . = ALIGN (0x4)

.text           0x0000000008000200     0x92bc
                0x0000000008000200                . = ALIGN (0x4)
 *(.text)
 .text          0x0000000008000200       0x40 c:/st/stm32cubeide_1.6.1/stm32cubeide/plugins/com.st.stm32cube.ide.mcu.externaltools.gnu-tools-for-stm32.9-2020-q2-update.win32_2.0.0.202105311346/tools/bin/../lib/gcc/arm-none-eabi/9.3.1/thumb/v7e-m+dp/hard/crtbegin.o
 .text          0x0000000008000240       0xa0 c:/st/stm32cubeide_1.6.1/stm32cubeide/plugins/com.st.stm32cube.ide.mcu.externaltools.gnu-tools-for-stm32.9-2020-q2-update.win32_2.0.0.202105311346/tools/bin/../lib/gcc/arm-none-eabi/9.3.1/../../../../arm-none-eabi/lib/thumb/v7e-m+dp/hard\libc_nano.a(lib_a-memchr.o)
                0x0000000008000240                memchr
 .text          0x00000000080002e0       0x30 c:/st/stm32cubeide_1.6.1/stm32cubeide/plugins/com.st.stm32cube.ide.mcu.externaltools.gnu-tools-for-stm32.9-2020-q2-update.win32_2.0.0.202105311346/tools/bin/../lib/gcc/arm-none-eabi/9.3.1/thumb/v7e-m+dp/hard\libgcc.a(_aeabi_uldivmod.o)
                0x00000000080002e0                __aeabi_uldivmod
 .text          0x0000000008000310      0x2c4 c:/st/stm32cubeide_1.6.1/stm32cubeide/plugins/com.st.stm32cube.ide.mcu.externaltools.gnu-tools-for-stm32.9-2020-q2-update.win32_2.0.0.202105311346/tools/bin/../lib/gcc/arm-none-eabi/9.3.1/thumb/v7e-m+dp/hard\libgcc.a(_udivmoddi4.o)
                0x0000000008000310                __udivmoddi4
 .text          0x00000000080005d4        0x4 c:/st/stm32cubeide_1.6.1/stm32cubeide/plugins/com.st.stm32cube.ide.mcu.externaltools.gnu-tools-for-stm32.9-2020-q2-update.win32_2.0.0.202105311346/tools/bin/../lib/gcc/arm-none-eabi/9.3.1/thumb/v7e-m+dp/hard\libgcc.a(_dvmd_tls.o)
                0x00000000080005d4                __aeabi_idiv0
                0x00000000080005d4                __aeabi_ldiv0
 *(.text*)
 .text.main     0x00000000080005d8       0x26 ./Core/Src/main.o
                0x00000000080005d8                main
 *fill*         0x00000000080005fe        0x2 
 .text.SystemClock_Config
                0x0000000008000600      0x120 ./Core/Src/main.o
                0x0000000008000600                SystemClock_Config
 .text.MX_TIM7_Init
                0x0000000008000720       0x6c ./Core/Src/main.o
 .text.MX_USART2_UART_Init
                0x000000000800078c       0x64 ./Core/Src/main.o
 .text.MX_USART3_UART_Init
                0x00000000080007f0       0x60 ./Core/Src/main.o
 .text.MX_GPIO_Init
                0x0000000008000850      0x208 ./Core/Src/main.o
 .text.HAL_TIM_PeriodElapsedCallback
                0x0000000008000a58       0x24 ./Core/Src/main.o
                0x0000000008000a58                HAL_TIM_PeriodElapsedCallback
 .text.Error_Handler
                0x0000000008000a7c        0xa ./Core/Src/main.o
                0x0000000008000a7c                Error_Handler
 *fill*         0x0000000008000a86        0x2 
 .text.HAL_MspInit
                0x0000000008000a88       0x48 ./Core/Src/stm32f7xx_hal_msp.o
                0x0000000008000a88                HAL_MspInit
 .text.HAL_TIM_Base_MspInit
                0x0000000008000ad0       0x4c ./Core/Src/stm32f7xx_hal_msp.o
                0x0000000008000ad0                HAL_TIM_Base_MspInit
 .text.HAL_UART_MspInit
                0x0000000008000b1c      0x144 ./Core/Src/stm32f7xx_hal_msp.o
                0x0000000008000b1c                HAL_UART_MspInit
 .text.HAL_InitTick
                0x0000000008000c60       0xb0 ./Core/Src/stm32f7xx_hal_timebase_tim.o
                0x0000000008000c60                HAL_InitTick
 .text.NMI_Handler
                0x0000000008000d10        0x6 ./Core/Src/stm32f7xx_it.o
                0x0000000008000d10                NMI_Handler
 .text.HardFault_Handler
                0x0000000008000d16        0x6 ./Core/Src/stm32f7xx_it.o
                0x0000000008000d16                HardFault_Handler
 .text.MemManage_Handler
                0x0000000008000d1c        0x6 ./Core/Src/stm32f7xx_it.o
                0x0000000008000d1c                MemManage_Handler
 .text.BusFault_Handler
                0x0000000008000d22        0x6 ./Core/Src/stm32f7xx_it.o
                0x0000000008000d22                BusFault_Handler
 .text.UsageFault_Handler
                0x0000000008000d28        0x6 ./Core/Src/stm32f7xx_it.o
                0x0000000008000d28                UsageFault_Handler
 .text.DebugMon_Handler
                0x0000000008000d2e        0xe ./Core/Src/stm32f7xx_it.o
                0x0000000008000d2e                DebugMon_Handler
 .text.TIM6_DAC_IRQHandler
                0x0000000008000d3c       0x14 ./Core/Src/stm32f7xx_it.o
                0x0000000008000d3c                TIM6_DAC_IRQHandler
 .text._getpid  0x0000000008000d50       0x10 ./Core/Src/syscalls.o
                0x0000000008000d50                _getpid
 .text._kill    0x0000000008000d60       0x20 ./Core/Src/syscalls.o
                0x0000000008000d60                _kill
 .text._exit    0x0000000008000d80       0x14 ./Core/Src/syscalls.o
                0x0000000008000d80                _exit
 .text._read    0x0000000008000d94       0x3a ./Core/Src/syscalls.o
                0x0000000008000d94                _read
 .text._write   0x0000000008000dce       0x38 ./Core/Src/syscalls.o
                0x0000000008000dce                _write
 .text._close   0x0000000008000e06       0x18 ./Core/Src/syscalls.o
                0x0000000008000e06                _close
 .text._fstat   0x0000000008000e1e       0x20 ./Core/Src/syscalls.o
                0x0000000008000e1e                _fstat
 .text._isatty  0x0000000008000e3e       0x16 ./Core/Src/syscalls.o
                0x0000000008000e3e                _isatty
 .text._lseek   0x0000000008000e54       0x1a ./Core/Src/syscalls.o
                0x0000000008000e54                _lseek
 *fill*         0x0000000008000e6e        0x2 
 .text._sbrk    0x0000000008000e70       0x6c ./Core/Src/sysmem.o
                0x0000000008000e70                _sbrk
 .text.SystemInit
                0x0000000008000edc       0x24 ./Core/Src/system_stm32f7xx.o
                0x0000000008000edc                SystemInit
 .text.Reset_Handler
                0x0000000008000f00       0x50 ./Core/Startup/startup_stm32f767zitx.o
                0x0000000008000f00                Reset_Handler
 .text.Default_Handler
                0x0000000008000f50        0x2 ./Core/Startup/startup_stm32f767zitx.o
                0x0000000008000f50                RTC_Alarm_IRQHandler
                0x0000000008000f50                EXTI2_IRQHandler
                0x0000000008000f50                TIM8_CC_IRQHandler
                0x0000000008000f50                UART8_IRQHandler
                0x0000000008000f50                SPI4_IRQHandler
                0x0000000008000f50                TIM1_CC_IRQHandler
                0x0000000008000f50                DMA2_Stream5_IRQHandler
                0x0000000008000f50                JPEG_IRQHandler
                0x0000000008000f50                DMA1_Stream5_IRQHandler
                0x0000000008000f50                CAN3_RX1_IRQHandler
                0x0000000008000f50                PVD_IRQHandler
                0x0000000008000f50                TAMP_STAMP_IRQHandler
                0x0000000008000f50                CAN2_RX1_IRQHandler
                0x0000000008000f50                EXTI3_IRQHandler
                0x0000000008000f50                TIM8_TRG_COM_TIM14_IRQHandler
                0x0000000008000f50                DFSDM1_FLT1_IRQHandler
                0x0000000008000f50                TIM1_UP_TIM10_IRQHandler
                0x0000000008000f50                TIM8_UP_TIM13_IRQHandler
                0x0000000008000f50                I2C3_ER_IRQHandler
                0x0000000008000f50                DFSDM1_FLT2_IRQHandler
                0x0000000008000f50                EXTI0_IRQHandler
                0x0000000008000f50                I2C2_EV_IRQHandler
                0x0000000008000f50                DMA1_Stream2_IRQHandler
                0x0000000008000f50                CAN1_RX0_IRQHandler
                0x0000000008000f50                FPU_IRQHandler
                0x0000000008000f50                OTG_HS_WKUP_IRQHandler
                0x0000000008000f50                CAN3_SCE_IRQHandler
                0x0000000008000f50                LTDC_ER_IRQHandler
                0x0000000008000f50                CAN2_SCE_IRQHandler
                0x0000000008000f50                DMA2_Stream2_IRQHandler
                0x0000000008000f50                SPI1_IRQHandler
                0x0000000008000f50                TIM1_BRK_TIM9_IRQHandler
                0x0000000008000f50                DCMI_IRQHandler
                0x0000000008000f50                CAN2_RX0_IRQHandler
                0x0000000008000f50                DMA2_Stream3_IRQHandler
                0x0000000008000f50                SAI2_IRQHandler
                0x0000000008000f50                DFSDM1_FLT3_IRQHandler
                0x0000000008000f50                USART6_IRQHandler
                0x0000000008000f50                CAN3_RX0_IRQHandler
                0x0000000008000f50                CAN1_RX1_IRQHandler
                0x0000000008000f50                UART5_IRQHandler
                0x0000000008000f50                DMA2_Stream0_IRQHandler
                0x0000000008000f50                TIM4_IRQHandler
                0x0000000008000f50                QUADSPI_IRQHandler
                0x0000000008000f50                I2C1_EV_IRQHandler
                0x0000000008000f50                DMA1_Stream6_IRQHandler
                0x0000000008000f50                DMA1_Stream1_IRQHandler
                0x0000000008000f50                UART4_IRQHandler
                0x0000000008000f50                TIM3_IRQHandler
                0x0000000008000f50                RCC_IRQHandler
                0x0000000008000f50                TIM8_BRK_TIM12_IRQHandler
                0x0000000008000f50                Default_Handler
                0x0000000008000f50                CEC_IRQHandler
                0x0000000008000f50                EXTI15_10_IRQHandler
                0x0000000008000f50                ADC_IRQHandler
                0x0000000008000f50                DMA1_Stream7_IRQHandler
                0x0000000008000f50                SPI5_IRQHandler
                0x0000000008000f50                SDMMC1_IRQHandler
                0x0000000008000f50                CAN2_TX_IRQHandler
                0x0000000008000f50                TIM5_IRQHandler
                0x0000000008000f50                DMA2_Stream7_IRQHandler
                0x0000000008000f50                I2C3_EV_IRQHandler
                0x0000000008000f50                EXTI9_5_IRQHandler
                0x0000000008000f50                RTC_WKUP_IRQHandler
                0x0000000008000f50                LTDC_IRQHandler
                0x0000000008000f50                ETH_WKUP_IRQHandler
                0x0000000008000f50                SPDIF_RX_IRQHandler
                0x0000000008000f50                SPI2_IRQHandler
                0x0000000008000f50                OTG_HS_EP1_IN_IRQHandler
                0x0000000008000f50                DMA1_Stream0_IRQHandler
                0x0000000008000f50                CAN1_TX_IRQHandler
                0x0000000008000f50                EXTI4_IRQHandler
                0x0000000008000f50                RNG_IRQHandler
                0x0000000008000f50                ETH_IRQHandler
                0x0000000008000f50                OTG_HS_EP1_OUT_IRQHandler
                0x0000000008000f50                WWDG_IRQHandler
                0x0000000008000f50                SPI6_IRQHandler
                0x0000000008000f50                MDIOS_IRQHandler
                0x0000000008000f50                I2C4_EV_IRQHandler
                0x0000000008000f50                CAN3_TX_IRQHandler
                0x0000000008000f50                TIM2_IRQHandler
                0x0000000008000f50                OTG_FS_WKUP_IRQHandler
                0x0000000008000f50                TIM1_TRG_COM_TIM11_IRQHandler
                0x0000000008000f50                OTG_HS_IRQHandler
                0x0000000008000f50                DMA2D_IRQHandler
                0x0000000008000f50                EXTI1_IRQHandler
                0x0000000008000f50                SDMMC2_IRQHandler
                0x0000000008000f50                UART7_IRQHandler
                0x0000000008000f50                USART2_IRQHandler
                0x0000000008000f50                DFSDM1_FLT0_IRQHandler
                0x0000000008000f50                I2C2_ER_IRQHandler
                0x0000000008000f50                DMA2_Stream1_IRQHandler
                0x0000000008000f50                CAN1_SCE_IRQHandler
                0x0000000008000f50                FLASH_IRQHandler
                0x0000000008000f50                DMA2_Stream4_IRQHandler
                0x0000000008000f50                USART1_IRQHandler
                0x0000000008000f50                OTG_FS_IRQHandler
                0x0000000008000f50                SPI3_IRQHandler
                0x0000000008000f50                DMA1_Stream4_IRQHandler
                0x0000000008000f50                I2C1_ER_IRQHandler
                0x0000000008000f50                FMC_IRQHandler
                0x0000000008000f50                LPTIM1_IRQHandler
                0x0000000008000f50                I2C4_ER_IRQHandler
                0x0000000008000f50                DMA2_Stream6_IRQHandler
                0x0000000008000f50                SAI1_IRQHandler
                0x0000000008000f50                DMA1_Stream3_IRQHandler
 .text.HAL_Init
                0x0000000008000f52       0x1a ./Drivers/STM32F7xx_HAL_Driver/Src/stm32f7xx_hal.o
                0x0000000008000f52                HAL_Init
 .text.HAL_IncTick
                0x0000000008000f6c       0x28 ./Drivers/STM32F7xx_HAL_Driver/Src/stm32f7xx_hal.o
                0x0000000008000f6c                HAL_IncTick
 .text.HAL_GetTick
                0x0000000008000f94       0x18 ./Drivers/STM32F7xx_HAL_Driver/Src/stm32f7xx_hal.o
                0x0000000008000f94                HAL_GetTick
 .text.__NVIC_SetPriorityGrouping
                0x0000000008000fac       0x48 ./Drivers/STM32F7xx_HAL_Driver/Src/stm32f7xx_hal_cortex.o
 .text.__NVIC_GetPriorityGrouping
                0x0000000008000ff4       0x1c ./Drivers/STM32F7xx_HAL_Driver/Src/stm32f7xx_hal_cortex.o
 .text.__NVIC_EnableIRQ
                0x0000000008001010       0x3c ./Drivers/STM32F7xx_HAL_Driver/Src/stm32f7xx_hal_cortex.o
 .text.__NVIC_SetPriority
                0x000000000800104c       0x54 ./Drivers/STM32F7xx_HAL_Driver/Src/stm32f7xx_hal_cortex.o
 .text.NVIC_EncodePriority
                0x00000000080010a0       0x66 ./Drivers/STM32F7xx_HAL_Driver/Src/stm32f7xx_hal_cortex.o
 .text.HAL_NVIC_SetPriorityGrouping
                0x0000000008001106       0x16 ./Drivers/STM32F7xx_HAL_Driver/Src/stm32f7xx_hal_cortex.o
                0x0000000008001106                HAL_NVIC_SetPriorityGrouping
 .text.HAL_NVIC_SetPriority
                0x000000000800111c       0x38 ./Drivers/STM32F7xx_HAL_Driver/Src/stm32f7xx_hal_cortex.o
                0x000000000800111c                HAL_NVIC_SetPriority
 .text.HAL_NVIC_EnableIRQ
                0x0000000008001154       0x1c ./Drivers/STM32F7xx_HAL_Driver/Src/stm32f7xx_hal_cortex.o
                0x0000000008001154                HAL_NVIC_EnableIRQ
 .text.HAL_DMA_Abort
                0x0000000008001170       0xe0 ./Drivers/STM32F7xx_HAL_Driver/Src/stm32f7xx_hal_dma.o
                0x0000000008001170                HAL_DMA_Abort
 .text.HAL_DMA_Abort_IT
                0x0000000008001250       0x44 ./Drivers/STM32F7xx_HAL_Driver/Src/stm32f7xx_hal_dma.o
                0x0000000008001250                HAL_DMA_Abort_IT
 .text.HAL_GPIO_Init
                0x0000000008001294      0x358 ./Drivers/STM32F7xx_HAL_Driver/Src/stm32f7xx_hal_gpio.o
                0x0000000008001294                HAL_GPIO_Init
 .text.HAL_GPIO_WritePin
                0x00000000080015ec       0x32 ./Drivers/STM32F7xx_HAL_Driver/Src/stm32f7xx_hal_gpio.o
                0x00000000080015ec                HAL_GPIO_WritePin
 .text.HAL_GPIO_TogglePin
                0x000000000800161e       0x34 ./Drivers/STM32F7xx_HAL_Driver/Src/stm32f7xx_hal_gpio.o
                0x000000000800161e                HAL_GPIO_TogglePin
 *fill*         0x0000000008001652        0x2 
 .text.HAL_PWR_EnableBkUpAccess
                0x0000000008001654       0x20 ./Drivers/STM32F7xx_HAL_Driver/Src/stm32f7xx_hal_pwr.o
                0x0000000008001654                HAL_PWR_EnableBkUpAccess
 .text.HAL_RCC_OscConfig
                0x0000000008001674      0x55c ./Drivers/STM32F7xx_HAL_Driver/Src/stm32f7xx_hal_rcc.o
                0x0000000008001674                HAL_RCC_OscConfig
 .text.HAL_RCC_ClockConfig
                0x0000000008001bd0      0x1d8 ./Drivers/STM32F7xx_HAL_Driver/Src/stm32f7xx_hal_rcc.o
                0x0000000008001bd0                HAL_RCC_ClockConfig
 .text.HAL_RCC_GetSysClockFreq
                0x0000000008001da8      0x1c4 ./Drivers/STM32F7xx_HAL_Driver/Src/stm32f7xx_hal_rcc.o
                0x0000000008001da8                HAL_RCC_GetSysClockFreq
 .text.HAL_RCC_GetHCLKFreq
                0x0000000008001f6c       0x18 ./Drivers/STM32F7xx_HAL_Driver/Src/stm32f7xx_hal_rcc.o
                0x0000000008001f6c                HAL_RCC_GetHCLKFreq
 .text.HAL_RCC_GetPCLK1Freq
                0x0000000008001f84       0x28 ./Drivers/STM32F7xx_HAL_Driver/Src/stm32f7xx_hal_rcc.o
                0x0000000008001f84                HAL_RCC_GetPCLK1Freq
 .text.HAL_RCC_GetPCLK2Freq
                0x0000000008001fac       0x28 ./Drivers/STM32F7xx_HAL_Driver/Src/stm32f7xx_hal_rcc.o
                0x0000000008001fac                HAL_RCC_GetPCLK2Freq
 .text.HAL_RCC_GetClockConfig
                0x0000000008001fd4       0x64 ./Drivers/STM32F7xx_HAL_Driver/Src/stm32f7xx_hal_rcc.o
                0x0000000008001fd4                HAL_RCC_GetClockConfig
 .text.HAL_RCCEx_PeriphCLKConfig
                0x0000000008002038      0x850 ./Drivers/STM32F7xx_HAL_Driver/Src/stm32f7xx_hal_rcc_ex.o
                0x0000000008002038                HAL_RCCEx_PeriphCLKConfig
 .text.HAL_TIM_Base_Init
                0x0000000008002888       0xae ./Drivers/STM32F7xx_HAL_Driver/Src/stm32f7xx_hal_tim.o
                0x0000000008002888                HAL_TIM_Base_Init
 *fill*         0x0000000008002936        0x2 
 .text.HAL_TIM_Base_Start_IT
                0x0000000008002938       0xf0 ./Drivers/STM32F7xx_HAL_Driver/Src/stm32f7xx_hal_tim.o
                0x0000000008002938                HAL_TIM_Base_Start_IT
 .text.HAL_TIM_Base_Stop_IT
                0x0000000008002a28       0x5e ./Drivers/STM32F7xx_HAL_Driver/Src/stm32f7xx_hal_tim.o
                0x0000000008002a28                HAL_TIM_Base_Stop_IT
 .text.HAL_TIM_IRQHandler
                0x0000000008002a86      0x23e ./Drivers/STM32F7xx_HAL_Driver/Src/stm32f7xx_hal_tim.o
                0x0000000008002a86                HAL_TIM_IRQHandler
 .text.HAL_TIM_OC_DelayElapsedCallback
                0x0000000008002cc4       0x14 ./Drivers/STM32F7xx_HAL_Driver/Src/stm32f7xx_hal_tim.o
                0x0000000008002cc4                HAL_TIM_OC_DelayElapsedCallback
 .text.HAL_TIM_IC_CaptureCallback
                0x0000000008002cd8       0x14 ./Drivers/STM32F7xx_HAL_Driver/Src/stm32f7xx_hal_tim.o
                0x0000000008002cd8                HAL_TIM_IC_CaptureCallback
 .text.HAL_TIM_PWM_PulseFinishedCallback
                0x0000000008002cec       0x14 ./Drivers/STM32F7xx_HAL_Driver/Src/stm32f7xx_hal_tim.o
                0x0000000008002cec                HAL_TIM_PWM_PulseFinishedCallback
 .text.HAL_TIM_TriggerCallback
                0x0000000008002d00       0x14 ./Drivers/STM32F7xx_HAL_Driver/Src/stm32f7xx_hal_tim.o
                0x0000000008002d00                HAL_TIM_TriggerCallback
 .text.TIM_Base_SetConfig
                0x0000000008002d14      0x140 ./Drivers/STM32F7xx_HAL_Driver/Src/stm32f7xx_hal_tim.o
                0x0000000008002d14                TIM_Base_SetConfig
 .text.HAL_TIMEx_MasterConfigSynchronization
                0x0000000008002e54      0x11c ./Drivers/STM32F7xx_HAL_Driver/Src/stm32f7xx_hal_tim_ex.o
                0x0000000008002e54                HAL_TIMEx_MasterConfigSynchronization
 .text.HAL_TIMEx_CommutCallback
                0x0000000008002f70       0x14 ./Drivers/STM32F7xx_HAL_Driver/Src/stm32f7xx_hal_tim_ex.o
                0x0000000008002f70                HAL_TIMEx_CommutCallback
 .text.HAL_TIMEx_BreakCallback
                0x0000000008002f84       0x14 ./Drivers/STM32F7xx_HAL_Driver/Src/stm32f7xx_hal_tim_ex.o
                0x0000000008002f84                HAL_TIMEx_BreakCallback
 .text.HAL_TIMEx_Break2Callback
                0x0000000008002f98       0x14 ./Drivers/STM32F7xx_HAL_Driver/Src/stm32f7xx_hal_tim_ex.o
                0x0000000008002f98                HAL_TIMEx_Break2Callback
 .text.HAL_UART_Init
                0x0000000008002fac       0x9c ./Drivers/STM32F7xx_HAL_Driver/Src/stm32f7xx_hal_uart.o
                0x0000000008002fac                HAL_UART_Init
 .text.HAL_UART_IRQHandler
                0x0000000008003048      0x400 ./Drivers/STM32F7xx_HAL_Driver/Src/stm32f7xx_hal_uart.o
                0x0000000008003048                HAL_UART_IRQHandler
 .text.HAL_UART_TxCpltCallback
                0x0000000008003448       0x14 ./Drivers/STM32F7xx_HAL_Driver/Src/stm32f7xx_hal_uart.o
                0x0000000008003448                HAL_UART_TxCpltCallback
 .text.HAL_UART_ErrorCallback
                0x000000000800345c       0x14 ./Drivers/STM32F7xx_HAL_Driver/Src/stm32f7xx_hal_uart.o
                0x000000000800345c                HAL_UART_ErrorCallback
 .text.HAL_UARTEx_RxEventCallback
                0x0000000008003470       0x18 ./Drivers/STM32F7xx_HAL_Driver/Src/stm32f7xx_hal_uart.o
                0x0000000008003470                HAL_UARTEx_RxEventCallback
 .text.HAL_UARTEx_WakeupCallback
                0x0000000008003488       0x14 ./Drivers/STM32F7xx_HAL_Driver/Src/stm32f7xx_hal_uart.o
                0x0000000008003488                HAL_UARTEx_WakeupCallback
 .text.UART_SetConfig
                0x000000000800349c      0x4c4 ./Drivers/STM32F7xx_HAL_Driver/Src/stm32f7xx_hal_uart.o
                0x000000000800349c                UART_SetConfig
 .text.UART_AdvFeatureConfig
                0x0000000008003960      0x144 ./Drivers/STM32F7xx_HAL_Driver/Src/stm32f7xx_hal_uart.o
                0x0000000008003960                UART_AdvFeatureConfig
 .text.UART_CheckIdleState
                0x0000000008003aa4       0x92 ./Drivers/STM32F7xx_HAL_Driver/Src/stm32f7xx_hal_uart.o
                0x0000000008003aa4                UART_CheckIdleState
 .text.UART_WaitOnFlagUntilTimeout
                0x0000000008003b36       0xf8 ./Drivers/STM32F7xx_HAL_Driver/Src/stm32f7xx_hal_uart.o
                0x0000000008003b36                UART_WaitOnFlagUntilTimeout
 .text.UART_EndRxTransfer
                0x0000000008003c2e       0x5e ./Drivers/STM32F7xx_HAL_Driver/Src/stm32f7xx_hal_uart.o
 .text.UART_DMAAbortOnError
                0x0000000008003c8c       0x2c ./Drivers/STM32F7xx_HAL_Driver/Src/stm32f7xx_hal_uart.o
 .text.UART_EndTransmit_IT
                0x0000000008003cb8       0x32 ./Drivers/STM32F7xx_HAL_Driver/Src/stm32f7xx_hal_uart.o
 *fill*         0x0000000008003cea        0x2 
 .text.HAL_RS485Ex_Init
                0x0000000008003cec       0xd0 ./Drivers/STM32F7xx_HAL_Driver/Src/stm32f7xx_hal_uart_ex.o
                0x0000000008003cec                HAL_RS485Ex_Init
 .text.xEventGroupCreate
                0x0000000008003dbc       0x2e ./Middlewares/FreeRTOS/event_groups.o
                0x0000000008003dbc                xEventGroupCreate
 *fill*         0x0000000008003dea        0x2 
 .text.xEventGroupWaitBits
                0x0000000008003dec      0x19c ./Middlewares/FreeRTOS/event_groups.o
                0x0000000008003dec                xEventGroupWaitBits
 .text.xEventGroupSetBits
                0x0000000008003f88      0x116 ./Middlewares/FreeRTOS/event_groups.o
                0x0000000008003f88                xEventGroupSetBits
 .text.vEventGroupSetBitsCallback
                0x000000000800409e       0x1a ./Middlewares/FreeRTOS/event_groups.o
                0x000000000800409e                vEventGroupSetBitsCallback
 .text.prvTestWaitCondition
                0x00000000080040b8       0x44 ./Middlewares/FreeRTOS/event_groups.o
 .text.xEventGroupSetBitsFromISR
                0x00000000080040fc       0x28 ./Middlewares/FreeRTOS/event_groups.o
                0x00000000080040fc                xEventGroupSetBitsFromISR
 .text.vListInitialise
                0x0000000008004124       0x40 ./Middlewares/FreeRTOS/list.o
                0x0000000008004124                vListInitialise
 .text.vListInitialiseItem
                0x0000000008004164       0x1a ./Middlewares/FreeRTOS/list.o
                0x0000000008004164                vListInitialiseItem
 .text.vListInsertEnd
                0x000000000800417e       0x48 ./Middlewares/FreeRTOS/list.o
                0x000000000800417e                vListInsertEnd
 .text.vListInsert
                0x00000000080041c6       0x72 ./Middlewares/FreeRTOS/list.o
                0x00000000080041c6                vListInsert
 .text.uxListRemove
                0x0000000008004238       0x54 ./Middlewares/FreeRTOS/list.o
                0x0000000008004238                uxListRemove
 .text.xQueueGenericReset
                0x000000000800428c      0x120 ./Middlewares/FreeRTOS/queue.o
                0x000000000800428c                xQueueGenericReset
 .text.xQueueGenericCreate
                0x00000000080043ac       0x9c ./Middlewares/FreeRTOS/queue.o
                0x00000000080043ac                xQueueGenericCreate
 .text.prvInitialiseNewQueue
                0x0000000008004448       0x46 ./Middlewares/FreeRTOS/queue.o
 .text.xQueueGenericSendFromISR
                0x000000000800448e      0x154 ./Middlewares/FreeRTOS/queue.o
                0x000000000800448e                xQueueGenericSendFromISR
 *fill*         0x00000000080045e2        0x2 
 .text.xQueueReceive
                0x00000000080045e4      0x1c0 ./Middlewares/FreeRTOS/queue.o
                0x00000000080045e4                xQueueReceive
 .text.prvCopyDataToQueue
                0x00000000080047a4       0xd4 ./Middlewares/FreeRTOS/queue.o
 .text.prvCopyDataFromQueue
                0x0000000008004878       0x4c ./Middlewares/FreeRTOS/queue.o
 .text.prvUnlockQueue
                0x00000000080048c4       0xa4 ./Middlewares/FreeRTOS/queue.o
 .text.prvIsQueueEmpty
                0x0000000008004968       0x2c ./Middlewares/FreeRTOS/queue.o
 .text.vQueueAddToRegistry
                0x0000000008004994       0x9c ./Middlewares/FreeRTOS/queue.o
                0x0000000008004994                vQueueAddToRegistry
 .text.vQueueWaitForMessageRestricted
                0x0000000008004a30       0x68 ./Middlewares/FreeRTOS/queue.o
                0x0000000008004a30                vQueueWaitForMessageRestricted
 .text.xTaskCreate
                0x0000000008004a98       0x82 ./Middlewares/FreeRTOS/tasks.o
                0x0000000008004a98                xTaskCreate
 .text.prvInitialiseNewTask
                0x0000000008004b1a      0x148 ./Middlewares/FreeRTOS/tasks.o
 *fill*         0x0000000008004c62        0x2 
 .text.prvAddNewTaskToReadyList
                0x0000000008004c64      0x12c ./Middlewares/FreeRTOS/tasks.o
 .text.vTaskDelay
                0x0000000008004d90       0x68 ./Middlewares/FreeRTOS/tasks.o
                0x0000000008004d90                vTaskDelay
 .text.vTaskStartScheduler
                0x0000000008004df8       0xa4 ./Middlewares/FreeRTOS/tasks.o
                0x0000000008004df8                vTaskStartScheduler
 .text.vTaskSuspendAll
                0x0000000008004e9c       0x1c ./Middlewares/FreeRTOS/tasks.o
                0x0000000008004e9c                vTaskSuspendAll
 .text.xTaskResumeAll
                0x0000000008004eb8      0x1f8 ./Middlewares/FreeRTOS/tasks.o
                0x0000000008004eb8                xTaskResumeAll
 .text.xTaskGetTickCount
                0x00000000080050b0       0x20 ./Middlewares/FreeRTOS/tasks.o
                0x00000000080050b0                xTaskGetTickCount
 .text.xTaskIncrementTick
                0x00000000080050d0      0x22c ./Middlewares/FreeRTOS/tasks.o
                0x00000000080050d0                xTaskIncrementTick
 .text.vTaskSwitchContext
                0x00000000080052fc       0xb8 ./Middlewares/FreeRTOS/tasks.o
                0x00000000080052fc                vTaskSwitchContext
 .text.vTaskPlaceOnEventList
                0x00000000080053b4       0x48 ./Middlewares/FreeRTOS/tasks.o
                0x00000000080053b4                vTaskPlaceOnEventList
 .text.vTaskPlaceOnUnorderedEventList
                0x00000000080053fc       0xac ./Middlewares/FreeRTOS/tasks.o
                0x00000000080053fc                vTaskPlaceOnUnorderedEventList
 .text.vTaskPlaceOnEventListRestricted
                0x00000000080054a8       0x8c ./Middlewares/FreeRTOS/tasks.o
                0x00000000080054a8                vTaskPlaceOnEventListRestricted
 .text.xTaskRemoveFromEventList
                0x0000000008005534      0x1ac ./Middlewares/FreeRTOS/tasks.o
                0x0000000008005534                xTaskRemoveFromEventList
 .text.vTaskRemoveFromUnorderedEventList
                0x00000000080056e0      0x180 ./Middlewares/FreeRTOS/tasks.o
                0x00000000080056e0                vTaskRemoveFromUnorderedEventList
 .text.vTaskInternalSetTimeOutState
                0x0000000008005860       0x2c ./Middlewares/FreeRTOS/tasks.o
                0x0000000008005860                vTaskInternalSetTimeOutState
 .text.xTaskCheckForTimeOut
                0x000000000800588c       0xcc ./Middlewares/FreeRTOS/tasks.o
                0x000000000800588c                xTaskCheckForTimeOut
 .text.vTaskMissedYield
                0x0000000008005958       0x18 ./Middlewares/FreeRTOS/tasks.o
                0x0000000008005958                vTaskMissedYield
 .text.prvIdleTask
                0x0000000008005970       0x30 ./Middlewares/FreeRTOS/tasks.o
 .text.prvInitialiseTaskLists
                0x00000000080059a0       0x80 ./Middlewares/FreeRTOS/tasks.o
 .text.prvCheckTasksWaitingTermination
                0x0000000008005a20       0x5c ./Middlewares/FreeRTOS/tasks.o
 .text.prvDeleteTCB
                0x0000000008005a7c       0x20 ./Middlewares/FreeRTOS/tasks.o
 .text.prvResetNextTaskUnblockTime
                0x0000000008005a9c       0x38 ./Middlewares/FreeRTOS/tasks.o
 .text.xTaskGetSchedulerState
                0x0000000008005ad4       0x3c ./Middlewares/FreeRTOS/tasks.o
                0x0000000008005ad4                xTaskGetSchedulerState
 .text.xTaskPriorityDisinherit
                0x0000000008005b10       0xf4 ./Middlewares/FreeRTOS/tasks.o
                0x0000000008005b10                xTaskPriorityDisinherit
 .text.uxTaskResetEventItemValue
                0x0000000008005c04       0x30 ./Middlewares/FreeRTOS/tasks.o
                0x0000000008005c04                uxTaskResetEventItemValue
 .text.prvAddCurrentTaskToDelayedList
                0x0000000008005c34      0x100 ./Middlewares/FreeRTOS/tasks.o
 .text.xTimerCreateTimerTask
                0x0000000008005d34       0x64 ./Middlewares/FreeRTOS/timers.o
                0x0000000008005d34                xTimerCreateTimerTask
 .text.prvReloadTimer
                0x0000000008005d98       0x42 ./Middlewares/FreeRTOS/timers.o
 *fill*         0x0000000008005dda        0x2 
 .text.prvProcessExpiredTimer
                0x0000000008005ddc       0x60 ./Middlewares/FreeRTOS/timers.o
 .text.prvTimerTask
                0x0000000008005e3c       0x24 ./Middlewares/FreeRTOS/timers.o
 .text.prvProcessTimerOrBlockTask
                0x0000000008005e60       0x9c ./Middlewares/FreeRTOS/timers.o
 .text.prvGetNextExpireTime
                0x0000000008005efc       0x48 ./Middlewares/FreeRTOS/timers.o
 .text.prvSampleTimeNow
                0x0000000008005f44       0x40 ./Middlewares/FreeRTOS/timers.o
 .text.prvInsertTimerInActiveList
                0x0000000008005f84       0x84 ./Middlewares/FreeRTOS/timers.o
 .text.prvProcessReceivedCommands
                0x0000000008006008      0x1b4 ./Middlewares/FreeRTOS/timers.o
 .text.prvSwitchTimerLists
                0x00000000080061bc       0x4c ./Middlewares/FreeRTOS/timers.o
 .text.prvCheckForValidListAndQueue
                0x0000000008006208       0x6c ./Middlewares/FreeRTOS/timers.o
 .text.xTimerPendFunctionCallFromISR
                0x0000000008006274       0x40 ./Middlewares/FreeRTOS/timers.o
                0x0000000008006274                xTimerPendFunctionCallFromISR
 .text.pxPortInitialiseStack
                0x00000000080062b4       0x68 ./Middlewares/FreeRTOS/portable/GCC/ARM_CM4F/port.o
                0x00000000080062b4                pxPortInitialiseStack
 .text.prvTaskExitError
                0x000000000800631c       0x58 ./Middlewares/FreeRTOS/portable/GCC/ARM_CM4F/port.o
 *fill*         0x0000000008006374        0xc 
 .text.SVC_Handler
                0x0000000008006380       0x28 ./Middlewares/FreeRTOS/portable/GCC/ARM_CM4F/port.o
                0x0000000008006380                SVC_Handler
 .text.prvPortStartFirstTask
                0x00000000080063a8       0x2c ./Middlewares/FreeRTOS/portable/GCC/ARM_CM4F/port.o
 .text.xPortStartScheduler
                0x00000000080063d4      0x144 ./Middlewares/FreeRTOS/portable/GCC/ARM_CM4F/port.o
                0x00000000080063d4                xPortStartScheduler
 .text.vPortEnterCritical
                0x0000000008006518       0x60 ./Middlewares/FreeRTOS/portable/GCC/ARM_CM4F/port.o
                0x0000000008006518                vPortEnterCritical
 .text.vPortExitCritical
                0x0000000008006578       0x54 ./Middlewares/FreeRTOS/portable/GCC/ARM_CM4F/port.o
                0x0000000008006578                vPortExitCritical
 *fill*         0x00000000080065cc        0x4 
 .text.PendSV_Handler
                0x00000000080065d0       0x68 ./Middlewares/FreeRTOS/portable/GCC/ARM_CM4F/port.o
                0x00000000080065d0                PendSV_Handler
 .text.SysTick_Handler
                0x0000000008006638       0x44 ./Middlewares/FreeRTOS/portable/GCC/ARM_CM4F/port.o
                0x0000000008006638                SysTick_Handler
 .text.vPortSetupTimerInterrupt
                0x000000000800667c       0x48 ./Middlewares/FreeRTOS/portable/GCC/ARM_CM4F/port.o
                0x000000000800667c                vPortSetupTimerInterrupt
 .text.vPortEnableVFP
                0x00000000080066c4       0x18 ./Middlewares/FreeRTOS/portable/GCC/ARM_CM4F/port.o
 .text.vPortValidateInterruptPriority
                0x00000000080066dc       0x80 ./Middlewares/FreeRTOS/portable/GCC/ARM_CM4F/port.o
                0x00000000080066dc                vPortValidateInterruptPriority
 .text.pvPortMalloc
                0x000000000800675c      0x1c0 ./Middlewares/FreeRTOS/portable/MemMang/heap_4.o
                0x000000000800675c                pvPortMalloc
 .text.vPortFree
                0x000000000800691c       0xc4 ./Middlewares/FreeRTOS/portable/MemMang/heap_4.o
                0x000000000800691c                vPortFree
 .text.prvHeapInit
                0x00000000080069e0       0xc4 ./Middlewares/FreeRTOS/portable/MemMang/heap_4.o
 .text.prvInsertBlockIntoFreeList
                0x0000000008006aa4       0xb4 ./Middlewares/FreeRTOS/portable/MemMang/heap_4.o
 .text.eMBFuncReadCoils
                0x0000000008006b58       0xfe ./Middlewares/modbus/functions/mbfunccoils.o
                0x0000000008006b58                eMBFuncReadCoils
 .text.eMBFuncWriteCoil
                0x0000000008006c56       0xa6 ./Middlewares/modbus/functions/mbfunccoils.o
                0x0000000008006c56                eMBFuncWriteCoil
 .text.eMBFuncWriteMultipleCoils
                0x0000000008006cfc       0xce ./Middlewares/modbus/functions/mbfunccoils.o
                0x0000000008006cfc                eMBFuncWriteMultipleCoils
 .text.eMBFuncReadDiscreteInputs
                0x0000000008006dca       0xfe ./Middlewares/modbus/functions/mbfuncdisc.o
                0x0000000008006dca                eMBFuncReadDiscreteInputs
 .text.eMBFuncWriteHoldingRegister
                0x0000000008006ec8       0x6a ./Middlewares/modbus/functions/mbfuncholding.o
                0x0000000008006ec8                eMBFuncWriteHoldingRegister
 .text.eMBFuncWriteMultipleHoldingRegister
                0x0000000008006f32       0xb2 ./Middlewares/modbus/functions/mbfuncholding.o
                0x0000000008006f32                eMBFuncWriteMultipleHoldingRegister
 .text.eMBFuncReadHoldingRegister
                0x0000000008006fe4       0xde ./Middlewares/modbus/functions/mbfuncholding.o
                0x0000000008006fe4                eMBFuncReadHoldingRegister
 .text.eMBFuncReadWriteMultipleHoldingRegister
                0x00000000080070c2      0x154 ./Middlewares/modbus/functions/mbfuncholding.o
                0x00000000080070c2                eMBFuncReadWriteMultipleHoldingRegister
 .text.eMBFuncReadInputRegister
                0x0000000008007216       0xe4 ./Middlewares/modbus/functions/mbfuncinput.o
                0x0000000008007216                eMBFuncReadInputRegister
 *fill*         0x00000000080072fa        0x2 
 .text.eMBFuncReportSlaveID
                0x00000000080072fc       0x38 ./Middlewares/modbus/functions/mbfuncother.o
                0x00000000080072fc                eMBFuncReportSlaveID
 .text.xMBUtilSetBits
                0x0000000008007334       0xd8 ./Middlewares/modbus/functions/mbutils.o
                0x0000000008007334                xMBUtilSetBits
 .text.xMBUtilGetBits
                0x000000000800740c       0x74 ./Middlewares/modbus/functions/mbutils.o
                0x000000000800740c                xMBUtilGetBits
 .text.prveMBError2Exception
                0x0000000008007480       0x44 ./Middlewares/modbus/functions/mbutils.o
                0x0000000008007480                prveMBError2Exception
 .text.eMBInit  0x00000000080074c4       0xf8 ./Middlewares/modbus/mb.o
                0x00000000080074c4                eMBInit
 .text.eMBEnable
                0x00000000080075bc       0x38 ./Middlewares/modbus/mb.o
                0x00000000080075bc                eMBEnable
 .text.eMBPoll  0x00000000080075f4      0x18c ./Middlewares/modbus/mb.o
                0x00000000080075f4                eMBPoll
 .text.EnterCriticalSection
                0x0000000008007780        0xc ./Middlewares/modbus/port/e_port.o
                0x0000000008007780                EnterCriticalSection
 .text.ExitCriticalSection
                0x000000000800778c        0xc ./Middlewares/modbus/port/e_port.o
                0x000000000800778c                ExitCriticalSection
 .text.xMBPortEventInit
                0x0000000008007798       0x24 ./Middlewares/modbus/port/portevent.o
                0x0000000008007798                xMBPortEventInit
 .text.xMBPortEventPost
                0x00000000080077bc       0x28 ./Middlewares/modbus/port/portevent.o
                0x00000000080077bc                xMBPortEventPost
 .text.xMBPortEventPostFromISR
                0x00000000080077e4       0x34 ./Middlewares/modbus/port/portevent.o
                0x00000000080077e4                xMBPortEventPostFromISR
 .text.xMBPortEventGet
                0x0000000008007818       0x7c ./Middlewares/modbus/port/portevent.o
                0x0000000008007818                xMBPortEventGet
 .text.vMBPortSerialEnable
                0x0000000008007894       0x70 ./Middlewares/modbus/port/portserial.o
                0x0000000008007894                vMBPortSerialEnable
 .text.xMBPortSerialInit
                0x0000000008007904       0x26 ./Middlewares/modbus/port/portserial.o
                0x0000000008007904                xMBPortSerialInit
 *fill*         0x000000000800792a        0x2 
 .text.xMBPortSerialPutByte
                0x000000000800792c       0x24 ./Middlewares/modbus/port/portserial.o
                0x000000000800792c                xMBPortSerialPutByte
 .text.xMBPortSerialGetByte
                0x0000000008007950       0x28 ./Middlewares/modbus/port/portserial.o
                0x0000000008007950                xMBPortSerialGetByte
 .text.USART3_IRQHandler
                0x0000000008007978       0x80 ./Middlewares/modbus/port/portserial.o
                0x0000000008007978                USART3_IRQHandler
 .text.xMBPortTimersInit
                0x00000000080079f8       0x80 ./Middlewares/modbus/port/porttimer.o
                0x00000000080079f8                xMBPortTimersInit
 .text.vMBPortTimersEnable
                0x0000000008007a78       0x24 ./Middlewares/modbus/port/porttimer.o
                0x0000000008007a78                vMBPortTimersEnable
 .text.vMBPortTimersDisable
                0x0000000008007a9c       0x14 ./Middlewares/modbus/port/porttimer.o
                0x0000000008007a9c                vMBPortTimersDisable
 .text.TIM7_IRQHandler
                0x0000000008007ab0       0x5c ./Middlewares/modbus/port/porttimer.o
                0x0000000008007ab0                TIM7_IRQHandler
 .text.eMBRegInputCB
                0x0000000008007b0c       0xa8 ./Middlewares/modbus/port/user_mb_app.o
                0x0000000008007b0c                eMBRegInputCB
 .text.eMBRegHoldingCB
                0x0000000008007bb4      0x10c ./Middlewares/modbus/port/user_mb_app.o
                0x0000000008007bb4                eMBRegHoldingCB
 .text.eMBRegCoilsCB
                0x0000000008007cc0      0x15c ./Middlewares/modbus/port/user_mb_app.o
                0x0000000008007cc0                eMBRegCoilsCB
 .text.eMBRegDiscreteCB
                0x0000000008007e1c       0xe8 ./Middlewares/modbus/port/user_mb_app.o
                0x0000000008007e1c                eMBRegDiscreteCB
 .text.usMBCRC16
                0x0000000008007f04       0x6c ./Middlewares/modbus/rtu/mbcrc.o
                0x0000000008007f04                usMBCRC16
 .text.eMBRTUInit
                0x0000000008007f70       0x78 ./Middlewares/modbus/rtu/mbrtu.o
                0x0000000008007f70                eMBRTUInit
 .text.eMBRTUStart
                0x0000000008007fe8       0x28 ./Middlewares/modbus/rtu/mbrtu.o
                0x0000000008007fe8                eMBRTUStart
 .text.eMBRTUStop
                0x0000000008008010       0x1c ./Middlewares/modbus/rtu/mbrtu.o
                0x0000000008008010                eMBRTUStop
 .text.eMBRTUReceive
                0x000000000800802c       0x9c ./Middlewares/modbus/rtu/mbrtu.o
                0x000000000800802c                eMBRTUReceive
 .text.eMBRTUSend
                0x00000000080080c8       0xc8 ./Middlewares/modbus/rtu/mbrtu.o
                0x00000000080080c8                eMBRTUSend
 .text.xMBRTUReceiveFSM
                0x0000000008008190       0xd0 ./Middlewares/modbus/rtu/mbrtu.o
                0x0000000008008190                xMBRTUReceiveFSM
 .text.xMBRTUTransmitFSM
                0x0000000008008260       0xb0 ./Middlewares/modbus/rtu/mbrtu.o
                0x0000000008008260                xMBRTUTransmitFSM
 .text.xMBRTUTimerT35Expired
                0x0000000008008310       0x8c ./Middlewares/modbus/rtu/mbrtu.o
                0x0000000008008310                xMBRTUTimerT35Expired
 .text.initMBSlaveTask
                0x000000000800839c       0x8c ./Middlewares/modbus_slave_task.o
                0x000000000800839c                initMBSlaveTask
 .text.slavepoll_task
                0x0000000008008428       0x68 ./Middlewares/modbus_slave_task.o
                0x0000000008008428                slavepoll_task
 .text.led_task
                0x0000000008008490       0x20 ./Middlewares/modbus_slave_task.o
                0x0000000008008490                led_task
 .text.__assert_func
                0x00000000080084b0       0x3c c:/st/stm32cubeide_1.6.1/stm32cubeide/plugins/com.st.stm32cube.ide.mcu.externaltools.gnu-tools-for-stm32.9-2020-q2-update.win32_2.0.0.202105311346/tools/bin/../lib/gcc/arm-none-eabi/9.3.1/../../../../arm-none-eabi/lib/thumb/v7e-m+dp/hard\libc_nano.a(lib_a-assert.o)
                0x00000000080084b0                __assert_func
 .text.__errno  0x00000000080084ec        0xc c:/st/stm32cubeide_1.6.1/stm32cubeide/plugins/com.st.stm32cube.ide.mcu.externaltools.gnu-tools-for-stm32.9-2020-q2-update.win32_2.0.0.202105311346/tools/bin/../lib/gcc/arm-none-eabi/9.3.1/../../../../arm-none-eabi/lib/thumb/v7e-m+dp/hard\libc_nano.a(lib_a-errno.o)
                0x00000000080084ec                __errno
 .text.fprintf  0x00000000080084f8       0x24 c:/st/stm32cubeide_1.6.1/stm32cubeide/plugins/com.st.stm32cube.ide.mcu.externaltools.gnu-tools-for-stm32.9-2020-q2-update.win32_2.0.0.202105311346/tools/bin/../lib/gcc/arm-none-eabi/9.3.1/../../../../arm-none-eabi/lib/thumb/v7e-m+dp/hard\libc_nano.a(lib_a-fprintf.o)
                0x00000000080084f8                fiprintf
                0x00000000080084f8                fprintf
 .text.__libc_init_array
                0x000000000800851c       0x48 c:/st/stm32cubeide_1.6.1/stm32cubeide/plugins/com.st.stm32cube.ide.mcu.externaltools.gnu-tools-for-stm32.9-2020-q2-update.win32_2.0.0.202105311346/tools/bin/../lib/gcc/arm-none-eabi/9.3.1/../../../../arm-none-eabi/lib/thumb/v7e-m+dp/hard\libc_nano.a(lib_a-init.o)
                0x000000000800851c                __libc_init_array
 .text.memcpy   0x0000000008008564       0x1c c:/st/stm32cubeide_1.6.1/stm32cubeide/plugins/com.st.stm32cube.ide.mcu.externaltools.gnu-tools-for-stm32.9-2020-q2-update.win32_2.0.0.202105311346/tools/bin/../lib/gcc/arm-none-eabi/9.3.1/../../../../arm-none-eabi/lib/thumb/v7e-m+dp/hard\libc_nano.a(lib_a-memcpy-stub.o)
                0x0000000008008564                memcpy
 .text.memset   0x0000000008008580       0x10 c:/st/stm32cubeide_1.6.1/stm32cubeide/plugins/com.st.stm32cube.ide.mcu.externaltools.gnu-tools-for-stm32.9-2020-q2-update.win32_2.0.0.202105311346/tools/bin/../lib/gcc/arm-none-eabi/9.3.1/../../../../arm-none-eabi/lib/thumb/v7e-m+dp/hard\libc_nano.a(lib_a-memset.o)
                0x0000000008008580                memset
 .text.__sfputc_r
                0x0000000008008590       0x2e c:/st/stm32cubeide_1.6.1/stm32cubeide/plugins/com.st.stm32cube.ide.mcu.externaltools.gnu-tools-for-stm32.9-2020-q2-update.win32_2.0.0.202105311346/tools/bin/../lib/gcc/arm-none-eabi/9.3.1/../../../../arm-none-eabi/lib/thumb/v7e-m+dp/hard\libc_nano.a(lib_a-nano-vfprintf.o)
 .text.__sfputs_r
                0x00000000080085be       0x24 c:/st/stm32cubeide_1.6.1/stm32cubeide/plugins/com.st.stm32cube.ide.mcu.externaltools.gnu-tools-for-stm32.9-2020-q2-update.win32_2.0.0.202105311346/tools/bin/../lib/gcc/arm-none-eabi/9.3.1/../../../../arm-none-eabi/lib/thumb/v7e-m+dp/hard\libc_nano.a(lib_a-nano-vfprintf.o)
                0x00000000080085be                __sfputs_r
 *fill*         0x00000000080085e2        0x2 
 .text._vfprintf_r
                0x00000000080085e4      0x260 c:/st/stm32cubeide_1.6.1/stm32cubeide/plugins/com.st.stm32cube.ide.mcu.externaltools.gnu-tools-for-stm32.9-2020-q2-update.win32_2.0.0.202105311346/tools/bin/../lib/gcc/arm-none-eabi/9.3.1/../../../../arm-none-eabi/lib/thumb/v7e-m+dp/hard\libc_nano.a(lib_a-nano-vfprintf.o)
                0x00000000080085e4                _vfprintf_r
                0x00000000080085e4                _vfiprintf_r
 .text._printf_common
                0x0000000008008844       0xda c:/st/stm32cubeide_1.6.1/stm32cubeide/plugins/com.st.stm32cube.ide.mcu.externaltools.gnu-tools-for-stm32.9-2020-q2-update.win32_2.0.0.202105311346/tools/bin/../lib/gcc/arm-none-eabi/9.3.1/../../../../arm-none-eabi/lib/thumb/v7e-m+dp/hard\libc_nano.a(lib_a-nano-vfprintf_i.o)
                0x0000000008008844                _printf_common
 *fill*         0x000000000800891e        0x2 
 .text._printf_i
                0x0000000008008920      0x24c c:/st/stm32cubeide_1.6.1/stm32cubeide/plugins/com.st.stm32cube.ide.mcu.externaltools.gnu-tools-for-stm32.9-2020-q2-update.win32_2.0.0.202105311346/tools/bin/../lib/gcc/arm-none-eabi/9.3.1/../../../../arm-none-eabi/lib/thumb/v7e-m+dp/hard\libc_nano.a(lib_a-nano-vfprintf_i.o)
                0x0000000008008920                _printf_i
 .text.__swbuf_r
                0x0000000008008b6c       0xa4 c:/st/stm32cubeide_1.6.1/stm32cubeide/plugins/com.st.stm32cube.ide.mcu.externaltools.gnu-tools-for-stm32.9-2020-q2-update.win32_2.0.0.202105311346/tools/bin/../lib/gcc/arm-none-eabi/9.3.1/../../../../arm-none-eabi/lib/thumb/v7e-m+dp/hard\libc_nano.a(lib_a-wbuf.o)
                0x0000000008008b6c                __swbuf_r
 .text.__swsetup_r
                0x0000000008008c10       0xdc c:/st/stm32cubeide_1.6.1/stm32cubeide/plugins/com.st.stm32cube.ide.mcu.externaltools.gnu-tools-for-stm32.9-2020-q2-update.win32_2.0.0.202105311346/tools/bin/../lib/gcc/arm-none-eabi/9.3.1/../../../../arm-none-eabi/lib/thumb/v7e-m+dp/hard\libc_nano.a(lib_a-wsetup.o)
                0x0000000008008c10                __swsetup_r
 .text.abort    0x0000000008008cec        0xe c:/st/stm32cubeide_1.6.1/stm32cubeide/plugins/com.st.stm32cube.ide.mcu.externaltools.gnu-tools-for-stm32.9-2020-q2-update.win32_2.0.0.202105311346/tools/bin/../lib/gcc/arm-none-eabi/9.3.1/../../../../arm-none-eabi/lib/thumb/v7e-m+dp/hard\libc_nano.a(lib_a-abort.o)
                0x0000000008008cec                abort
 *fill*         0x0000000008008cfa        0x2 
 .text.__sflush_r
                0x0000000008008cfc      0x10c c:/st/stm32cubeide_1.6.1/stm32cubeide/plugins/com.st.stm32cube.ide.mcu.externaltools.gnu-tools-for-stm32.9-2020-q2-update.win32_2.0.0.202105311346/tools/bin/../lib/gcc/arm-none-eabi/9.3.1/../../../../arm-none-eabi/lib/thumb/v7e-m+dp/hard\libc_nano.a(lib_a-fflush.o)
                0x0000000008008cfc                __sflush_r
 .text._fflush_r
                0x0000000008008e08       0x78 c:/st/stm32cubeide_1.6.1/stm32cubeide/plugins/com.st.stm32cube.ide.mcu.externaltools.gnu-tools-for-stm32.9-2020-q2-update.win32_2.0.0.202105311346/tools/bin/../lib/gcc/arm-none-eabi/9.3.1/../../../../arm-none-eabi/lib/thumb/v7e-m+dp/hard\libc_nano.a(lib_a-fflush.o)
                0x0000000008008e08                _fflush_r
 .text.std      0x0000000008008e80       0x48 c:/st/stm32cubeide_1.6.1/stm32cubeide/plugins/com.st.stm32cube.ide.mcu.externaltools.gnu-tools-for-stm32.9-2020-q2-update.win32_2.0.0.202105311346/tools/bin/../lib/gcc/arm-none-eabi/9.3.1/../../../../arm-none-eabi/lib/thumb/v7e-m+dp/hard\libc_nano.a(lib_a-findfp.o)
 .text._cleanup_r
                0x0000000008008ec8        0xc c:/st/stm32cubeide_1.6.1/stm32cubeide/plugins/com.st.stm32cube.ide.mcu.externaltools.gnu-tools-for-stm32.9-2020-q2-update.win32_2.0.0.202105311346/tools/bin/../lib/gcc/arm-none-eabi/9.3.1/../../../../arm-none-eabi/lib/thumb/v7e-m+dp/hard\libc_nano.a(lib_a-findfp.o)
                0x0000000008008ec8                _cleanup_r
 .text.__sfmoreglue
                0x0000000008008ed4       0x2c c:/st/stm32cubeide_1.6.1/stm32cubeide/plugins/com.st.stm32cube.ide.mcu.externaltools.gnu-tools-for-stm32.9-2020-q2-update.win32_2.0.0.202105311346/tools/bin/../lib/gcc/arm-none-eabi/9.3.1/../../../../arm-none-eabi/lib/thumb/v7e-m+dp/hard\libc_nano.a(lib_a-findfp.o)
                0x0000000008008ed4                __sfmoreglue
 .text.__sfp_lock_acquire
                0x0000000008008f00        0xc c:/st/stm32cubeide_1.6.1/stm32cubeide/plugins/com.st.stm32cube.ide.mcu.externaltools.gnu-tools-for-stm32.9-2020-q2-update.win32_2.0.0.202105311346/tools/bin/../lib/gcc/arm-none-eabi/9.3.1/../../../../arm-none-eabi/lib/thumb/v7e-m+dp/hard\libc_nano.a(lib_a-findfp.o)
                0x0000000008008f00                __sfp_lock_acquire
 .text.__sfp_lock_release
                0x0000000008008f0c        0xc c:/st/stm32cubeide_1.6.1/stm32cubeide/plugins/com.st.stm32cube.ide.mcu.externaltools.gnu-tools-for-stm32.9-2020-q2-update.win32_2.0.0.202105311346/tools/bin/../lib/gcc/arm-none-eabi/9.3.1/../../../../arm-none-eabi/lib/thumb/v7e-m+dp/hard\libc_nano.a(lib_a-findfp.o)
                0x0000000008008f0c                __sfp_lock_release
 .text.__sinit_lock_acquire
                0x0000000008008f18        0xc c:/st/stm32cubeide_1.6.1/stm32cubeide/plugins/com.st.stm32cube.ide.mcu.externaltools.gnu-tools-for-stm32.9-2020-q2-update.win32_2.0.0.202105311346/tools/bin/../lib/gcc/arm-none-eabi/9.3.1/../../../../arm-none-eabi/lib/thumb/v7e-m+dp/hard\libc_nano.a(lib_a-findfp.o)
                0x0000000008008f18                __sinit_lock_acquire
 .text.__sinit_lock_release
                0x0000000008008f24        0xc c:/st/stm32cubeide_1.6.1/stm32cubeide/plugins/com.st.stm32cube.ide.mcu.externaltools.gnu-tools-for-stm32.9-2020-q2-update.win32_2.0.0.202105311346/tools/bin/../lib/gcc/arm-none-eabi/9.3.1/../../../../arm-none-eabi/lib/thumb/v7e-m+dp/hard\libc_nano.a(lib_a-findfp.o)
                0x0000000008008f24                __sinit_lock_release
 .text.__sinit  0x0000000008008f30       0x70 c:/st/stm32cubeide_1.6.1/stm32cubeide/plugins/com.st.stm32cube.ide.mcu.externaltools.gnu-tools-for-stm32.9-2020-q2-update.win32_2.0.0.202105311346/tools/bin/../lib/gcc/arm-none-eabi/9.3.1/../../../../arm-none-eabi/lib/thumb/v7e-m+dp/hard\libc_nano.a(lib_a-findfp.o)
                0x0000000008008f30                __sinit
 .text.__sfp    0x0000000008008fa0       0x8c c:/st/stm32cubeide_1.6.1/stm32cubeide/plugins/com.st.stm32cube.ide.mcu.externaltools.gnu-tools-for-stm32.9-2020-q2-update.win32_2.0.0.202105311346/tools/bin/../lib/gcc/arm-none-eabi/9.3.1/../../../../arm-none-eabi/lib/thumb/v7e-m+dp/hard\libc_nano.a(lib_a-findfp.o)
                0x0000000008008fa0                __sfp
 .text._fwalk_reent
                0x000000000800902c       0x3e c:/st/stm32cubeide_1.6.1/stm32cubeide/plugins/com.st.stm32cube.ide.mcu.externaltools.gnu-tools-for-stm32.9-2020-q2-update.win32_2.0.0.202105311346/tools/bin/../lib/gcc/arm-none-eabi/9.3.1/../../../../arm-none-eabi/lib/thumb/v7e-m+dp/hard\libc_nano.a(lib_a-fwalk.o)
                0x000000000800902c                _fwalk_reent
 .text.__retarget_lock_init_recursive
                0x000000000800906a        0x2 c:/st/stm32cubeide_1.6.1/stm32cubeide/plugins/com.st.stm32cube.ide.mcu.externaltools.gnu-tools-for-stm32.9-2020-q2-update.win32_2.0.0.202105311346/tools/bin/../lib/gcc/arm-none-eabi/9.3.1/../../../../arm-none-eabi/lib/thumb/v7e-m+dp/hard\libc_nano.a(lib_a-lock.o)
                0x000000000800906a                __retarget_lock_init_recursive
 .text.__retarget_lock_acquire_recursive
                0x000000000800906c        0x2 c:/st/stm32cubeide_1.6.1/stm32cubeide/plugins/com.st.stm32cube.ide.mcu.externaltools.gnu-tools-for-stm32.9-2020-q2-update.win32_2.0.0.202105311346/tools/bin/../lib/gcc/arm-none-eabi/9.3.1/../../../../arm-none-eabi/lib/thumb/v7e-m+dp/hard\libc_nano.a(lib_a-lock.o)
                0x000000000800906c                __retarget_lock_acquire_recursive
 .text.__retarget_lock_release_recursive
                0x000000000800906e        0x2 c:/st/stm32cubeide_1.6.1/stm32cubeide/plugins/com.st.stm32cube.ide.mcu.externaltools.gnu-tools-for-stm32.9-2020-q2-update.win32_2.0.0.202105311346/tools/bin/../lib/gcc/arm-none-eabi/9.3.1/../../../../arm-none-eabi/lib/thumb/v7e-m+dp/hard\libc_nano.a(lib_a-lock.o)
                0x000000000800906e                __retarget_lock_release_recursive
 .text.__swhatbuf_r
                0x0000000008009070       0x48 c:/st/stm32cubeide_1.6.1/stm32cubeide/plugins/com.st.stm32cube.ide.mcu.externaltools.gnu-tools-for-stm32.9-2020-q2-update.win32_2.0.0.202105311346/tools/bin/../lib/gcc/arm-none-eabi/9.3.1/../../../../arm-none-eabi/lib/thumb/v7e-m+dp/hard\libc_nano.a(lib_a-makebuf.o)
                0x0000000008009070                __swhatbuf_r
 .text.__smakebuf_r
                0x00000000080090b8       0x80 c:/st/stm32cubeide_1.6.1/stm32cubeide/plugins/com.st.stm32cube.ide.mcu.externaltools.gnu-tools-for-stm32.9-2020-q2-update.win32_2.0.0.202105311346/tools/bin/../lib/gcc/arm-none-eabi/9.3.1/../../../../arm-none-eabi/lib/thumb/v7e-m+dp/hard\libc_nano.a(lib_a-makebuf.o)
                0x00000000080090b8                __smakebuf_r
 .text._free_r  0x0000000008009138       0xa0 c:/st/stm32cubeide_1.6.1/stm32cubeide/plugins/com.st.stm32cube.ide.mcu.externaltools.gnu-tools-for-stm32.9-2020-q2-update.win32_2.0.0.202105311346/tools/bin/../lib/gcc/arm-none-eabi/9.3.1/../../../../arm-none-eabi/lib/thumb/v7e-m+dp/hard\libc_nano.a(lib_a-nano-freer.o)
                0x0000000008009138                _free_r
 .text._malloc_r
                0x00000000080091d8       0xb4 c:/st/stm32cubeide_1.6.1/stm32cubeide/plugins/com.st.stm32cube.ide.mcu.externaltools.gnu-tools-for-stm32.9-2020-q2-update.win32_2.0.0.202105311346/tools/bin/../lib/gcc/arm-none-eabi/9.3.1/../../../../arm-none-eabi/lib/thumb/v7e-m+dp/hard\libc_nano.a(lib_a-nano-mallocr.o)
                0x00000000080091d8                _malloc_r
 .text._sbrk_r  0x000000000800928c       0x20 c:/st/stm32cubeide_1.6.1/stm32cubeide/plugins/com.st.stm32cube.ide.mcu.externaltools.gnu-tools-for-stm32.9-2020-q2-update.win32_2.0.0.202105311346/tools/bin/../lib/gcc/arm-none-eabi/9.3.1/../../../../arm-none-eabi/lib/thumb/v7e-m+dp/hard\libc_nano.a(lib_a-sbrkr.o)
                0x000000000800928c                _sbrk_r
 .text._raise_r
                0x00000000080092ac       0x50 c:/st/stm32cubeide_1.6.1/stm32cubeide/plugins/com.st.stm32cube.ide.mcu.externaltools.gnu-tools-for-stm32.9-2020-q2-update.win32_2.0.0.202105311346/tools/bin/../lib/gcc/arm-none-eabi/9.3.1/../../../../arm-none-eabi/lib/thumb/v7e-m+dp/hard\libc_nano.a(lib_a-signal.o)
                0x00000000080092ac                _raise_r
 .text.raise    0x00000000080092fc       0x10 c:/st/stm32cubeide_1.6.1/stm32cubeide/plugins/com.st.stm32cube.ide.mcu.externaltools.gnu-tools-for-stm32.9-2020-q2-update.win32_2.0.0.202105311346/tools/bin/../lib/gcc/arm-none-eabi/9.3.1/../../../../arm-none-eabi/lib/thumb/v7e-m+dp/hard\libc_nano.a(lib_a-signal.o)
                0x00000000080092fc                raise
 .text._kill_r  0x000000000800930c       0x24 c:/st/stm32cubeide_1.6.1/stm32cubeide/plugins/com.st.stm32cube.ide.mcu.externaltools.gnu-tools-for-stm32.9-2020-q2-update.win32_2.0.0.202105311346/tools/bin/../lib/gcc/arm-none-eabi/9.3.1/../../../../arm-none-eabi/lib/thumb/v7e-m+dp/hard\libc_nano.a(lib_a-signalr.o)
                0x000000000800930c                _kill_r
 .text._getpid_r
                0x0000000008009330        0x4 c:/st/stm32cubeide_1.6.1/stm32cubeide/plugins/com.st.stm32cube.ide.mcu.externaltools.gnu-tools-for-stm32.9-2020-q2-update.win32_2.0.0.202105311346/tools/bin/../lib/gcc/arm-none-eabi/9.3.1/../../../../arm-none-eabi/lib/thumb/v7e-m+dp/hard\libc_nano.a(lib_a-signalr.o)
                0x0000000008009330                _getpid_r
 .text.__sread  0x0000000008009334       0x22 c:/st/stm32cubeide_1.6.1/stm32cubeide/plugins/com.st.stm32cube.ide.mcu.externaltools.gnu-tools-for-stm32.9-2020-q2-update.win32_2.0.0.202105311346/tools/bin/../lib/gcc/arm-none-eabi/9.3.1/../../../../arm-none-eabi/lib/thumb/v7e-m+dp/hard\libc_nano.a(lib_a-stdio.o)
                0x0000000008009334                __sread
 .text.__swrite
                0x0000000008009356       0x38 c:/st/stm32cubeide_1.6.1/stm32cubeide/plugins/com.st.stm32cube.ide.mcu.externaltools.gnu-tools-for-stm32.9-2020-q2-update.win32_2.0.0.202105311346/tools/bin/../lib/gcc/arm-none-eabi/9.3.1/../../../../arm-none-eabi/lib/thumb/v7e-m+dp/hard\libc_nano.a(lib_a-stdio.o)
                0x0000000008009356                __swrite
 .text.__sseek  0x000000000800938e       0x24 c:/st/stm32cubeide_1.6.1/stm32cubeide/plugins/com.st.stm32cube.ide.mcu.externaltools.gnu-tools-for-stm32.9-2020-q2-update.win32_2.0.0.202105311346/tools/bin/../lib/gcc/arm-none-eabi/9.3.1/../../../../arm-none-eabi/lib/thumb/v7e-m+dp/hard\libc_nano.a(lib_a-stdio.o)
                0x000000000800938e                __sseek
 .text.__sclose
                0x00000000080093b2        0x8 c:/st/stm32cubeide_1.6.1/stm32cubeide/plugins/com.st.stm32cube.ide.mcu.externaltools.gnu-tools-for-stm32.9-2020-q2-update.win32_2.0.0.202105311346/tools/bin/../lib/gcc/arm-none-eabi/9.3.1/../../../../arm-none-eabi/lib/thumb/v7e-m+dp/hard\libc_nano.a(lib_a-stdio.o)
                0x00000000080093b2                __sclose
 *fill*         0x00000000080093ba        0x2 
 .text._write_r
                0x00000000080093bc       0x24 c:/st/stm32cubeide_1.6.1/stm32cubeide/plugins/com.st.stm32cube.ide.mcu.externaltools.gnu-tools-for-stm32.9-2020-q2-update.win32_2.0.0.202105311346/tools/bin/../lib/gcc/arm-none-eabi/9.3.1/../../../../arm-none-eabi/lib/thumb/v7e-m+dp/hard\libc_nano.a(lib_a-writer.o)
                0x00000000080093bc                _write_r
 .text._close_r
                0x00000000080093e0       0x20 c:/st/stm32cubeide_1.6.1/stm32cubeide/plugins/com.st.stm32cube.ide.mcu.externaltools.gnu-tools-for-stm32.9-2020-q2-update.win32_2.0.0.202105311346/tools/bin/../lib/gcc/arm-none-eabi/9.3.1/../../../../arm-none-eabi/lib/thumb/v7e-m+dp/hard\libc_nano.a(lib_a-closer.o)
                0x00000000080093e0                _close_r
 .text._fstat_r
                0x0000000008009400       0x24 c:/st/stm32cubeide_1.6.1/stm32cubeide/plugins/com.st.stm32cube.ide.mcu.externaltools.gnu-tools-for-stm32.9-2020-q2-update.win32_2.0.0.202105311346/tools/bin/../lib/gcc/arm-none-eabi/9.3.1/../../../../arm-none-eabi/lib/thumb/v7e-m+dp/hard\libc_nano.a(lib_a-fstatr.o)
                0x0000000008009400                _fstat_r
 .text._isatty_r
                0x0000000008009424       0x20 c:/st/stm32cubeide_1.6.1/stm32cubeide/plugins/com.st.stm32cube.ide.mcu.externaltools.gnu-tools-for-stm32.9-2020-q2-update.win32_2.0.0.202105311346/tools/bin/../lib/gcc/arm-none-eabi/9.3.1/../../../../arm-none-eabi/lib/thumb/v7e-m+dp/hard\libc_nano.a(lib_a-isattyr.o)
                0x0000000008009424                _isatty_r
 .text._lseek_r
                0x0000000008009444       0x24 c:/st/stm32cubeide_1.6.1/stm32cubeide/plugins/com.st.stm32cube.ide.mcu.externaltools.gnu-tools-for-stm32.9-2020-q2-update.win32_2.0.0.202105311346/tools/bin/../lib/gcc/arm-none-eabi/9.3.1/../../../../arm-none-eabi/lib/thumb/v7e-m+dp/hard\libc_nano.a(lib_a-lseekr.o)
                0x0000000008009444                _lseek_r
 .text.__malloc_lock
                0x0000000008009468        0xc c:/st/stm32cubeide_1.6.1/stm32cubeide/plugins/com.st.stm32cube.ide.mcu.externaltools.gnu-tools-for-stm32.9-2020-q2-update.win32_2.0.0.202105311346/tools/bin/../lib/gcc/arm-none-eabi/9.3.1/../../../../arm-none-eabi/lib/thumb/v7e-m+dp/hard\libc_nano.a(lib_a-mlock.o)
                0x0000000008009468                __malloc_lock
 .text.__malloc_unlock
                0x0000000008009474        0xc c:/st/stm32cubeide_1.6.1/stm32cubeide/plugins/com.st.stm32cube.ide.mcu.externaltools.gnu-tools-for-stm32.9-2020-q2-update.win32_2.0.0.202105311346/tools/bin/../lib/gcc/arm-none-eabi/9.3.1/../../../../arm-none-eabi/lib/thumb/v7e-m+dp/hard\libc_nano.a(lib_a-mlock.o)
                0x0000000008009474                __malloc_unlock
 .text._read_r  0x0000000008009480       0x24 c:/st/stm32cubeide_1.6.1/stm32cubeide/plugins/com.st.stm32cube.ide.mcu.externaltools.gnu-tools-for-stm32.9-2020-q2-update.win32_2.0.0.202105311346/tools/bin/../lib/gcc/arm-none-eabi/9.3.1/../../../../arm-none-eabi/lib/thumb/v7e-m+dp/hard\libc_nano.a(lib_a-readr.o)
                0x0000000008009480                _read_r
 *(.glue_7)
 .glue_7        0x00000000080094a4        0x0 linker stubs
 *(.glue_7t)
 .glue_7t       0x00000000080094a4        0x0 linker stubs
 *(.eh_frame)
 .eh_frame      0x00000000080094a4        0x0 c:/st/stm32cubeide_1.6.1/stm32cubeide/plugins/com.st.stm32cube.ide.mcu.externaltools.gnu-tools-for-stm32.9-2020-q2-update.win32_2.0.0.202105311346/tools/bin/../lib/gcc/arm-none-eabi/9.3.1/thumb/v7e-m+dp/hard/crtbegin.o
 *(.init)
 .init          0x00000000080094a4        0x4 c:/st/stm32cubeide_1.6.1/stm32cubeide/plugins/com.st.stm32cube.ide.mcu.externaltools.gnu-tools-for-stm32.9-2020-q2-update.win32_2.0.0.202105311346/tools/bin/../lib/gcc/arm-none-eabi/9.3.1/thumb/v7e-m+dp/hard/crti.o
                0x00000000080094a4                _init
 .init          0x00000000080094a8        0x8 c:/st/stm32cubeide_1.6.1/stm32cubeide/plugins/com.st.stm32cube.ide.mcu.externaltools.gnu-tools-for-stm32.9-2020-q2-update.win32_2.0.0.202105311346/tools/bin/../lib/gcc/arm-none-eabi/9.3.1/thumb/v7e-m+dp/hard/crtn.o
 *(.fini)
 .fini          0x00000000080094b0        0x4 c:/st/stm32cubeide_1.6.1/stm32cubeide/plugins/com.st.stm32cube.ide.mcu.externaltools.gnu-tools-for-stm32.9-2020-q2-update.win32_2.0.0.202105311346/tools/bin/../lib/gcc/arm-none-eabi/9.3.1/thumb/v7e-m+dp/hard/crti.o
                0x00000000080094b0                _fini
 .fini          0x00000000080094b4        0x8 c:/st/stm32cubeide_1.6.1/stm32cubeide/plugins/com.st.stm32cube.ide.mcu.externaltools.gnu-tools-for-stm32.9-2020-q2-update.win32_2.0.0.202105311346/tools/bin/../lib/gcc/arm-none-eabi/9.3.1/thumb/v7e-m+dp/hard/crtn.o
                0x00000000080094bc                . = ALIGN (0x4)
                0x00000000080094bc                _etext = .

.vfp11_veneer   0x00000000080094bc        0x0
 .vfp11_veneer  0x00000000080094bc        0x0 linker stubs

.v4_bx          0x00000000080094bc        0x0
 .v4_bx         0x00000000080094bc        0x0 linker stubs

.iplt           0x00000000080094bc        0x0
 .iplt          0x00000000080094bc        0x0 c:/st/stm32cubeide_1.6.1/stm32cubeide/plugins/com.st.stm32cube.ide.mcu.externaltools.gnu-tools-for-stm32.9-2020-q2-update.win32_2.0.0.202105311346/tools/bin/../lib/gcc/arm-none-eabi/9.3.1/thumb/v7e-m+dp/hard/crtbegin.o

.rodata         0x00000000080094bc      0x4a4
                0x00000000080094bc                . = ALIGN (0x4)
 *(.rodata)
 .rodata        0x00000000080094bc        0x5 ./Middlewares/FreeRTOS/tasks.o
 *fill*         0x00000000080094c1        0x3 
 .rodata        0x00000000080094c4        0xd ./Middlewares/FreeRTOS/timers.o
 *fill*         0x00000000080094d1        0x3 
 .rodata        0x00000000080094d4       0x3a ./Middlewares/modbus/functions/mbutils.o
 *fill*         0x000000000800950e        0x2 
 .rodata        0x0000000008009510       0xe7 ./Middlewares/modbus/rtu/mbrtu.o
 *fill*         0x00000000080095f7        0x1 
 .rodata        0x00000000080095f8       0x1a ./Middlewares/modbus_slave_task.o
 *(.rodata*)
 *fill*         0x0000000008009612        0x2 
 .rodata.AHBPrescTable
                0x0000000008009614       0x10 ./Core/Src/system_stm32f7xx.o
                0x0000000008009614                AHBPrescTable
 .rodata.APBPrescTable
                0x0000000008009624        0x8 ./Core/Src/system_stm32f7xx.o
                0x0000000008009624                APBPrescTable
 .rodata.__func__.10475
                0x000000000800962c        0xf ./Middlewares/modbus/functions/mbutils.o
 *fill*         0x000000000800963b        0x1 
 .rodata.aucCRCHi
                0x000000000800963c      0x100 ./Middlewares/modbus/rtu/mbcrc.o
 .rodata.aucCRCLo
                0x000000000800973c      0x100 ./Middlewares/modbus/rtu/mbcrc.o
 .rodata.__func__.10543
                0x000000000800983c        0xe ./Middlewares/modbus/rtu/mbrtu.o
 *fill*         0x000000000800984a        0x2 
 .rodata.__func__.10556
                0x000000000800984c       0x11 ./Middlewares/modbus/rtu/mbrtu.o
 *fill*         0x000000000800985d        0x3 
 .rodata.__func__.10566
                0x0000000008009860       0x12 ./Middlewares/modbus/rtu/mbrtu.o
 *fill*         0x0000000008009872        0x2 
 .rodata.__func__.10579
                0x0000000008009874       0x16 ./Middlewares/modbus/rtu/mbrtu.o
 .rodata.__assert_func.str1.1
                0x000000000800988a       0x3c c:/st/stm32cubeide_1.6.1/stm32cubeide/plugins/com.st.stm32cube.ide.mcu.externaltools.gnu-tools-for-stm32.9-2020-q2-update.win32_2.0.0.202105311346/tools/bin/../lib/gcc/arm-none-eabi/9.3.1/../../../../arm-none-eabi/lib/thumb/v7e-m+dp/hard\libc_nano.a(lib_a-assert.o)
                                         0x3d (size before relaxing)
 *fill*         0x00000000080098c6        0x2 
 .rodata._global_impure_ptr
                0x00000000080098c8        0x4 c:/st/stm32cubeide_1.6.1/stm32cubeide/plugins/com.st.stm32cube.ide.mcu.externaltools.gnu-tools-for-stm32.9-2020-q2-update.win32_2.0.0.202105311346/tools/bin/../lib/gcc/arm-none-eabi/9.3.1/../../../../arm-none-eabi/lib/thumb/v7e-m+dp/hard\libc_nano.a(lib_a-impure.o)
                0x00000000080098c8                _global_impure_ptr
 .rodata._vfprintf_r.str1.1
                0x00000000080098cc       0x11 c:/st/stm32cubeide_1.6.1/stm32cubeide/plugins/com.st.stm32cube.ide.mcu.externaltools.gnu-tools-for-stm32.9-2020-q2-update.win32_2.0.0.202105311346/tools/bin/../lib/gcc/arm-none-eabi/9.3.1/../../../../arm-none-eabi/lib/thumb/v7e-m+dp/hard\libc_nano.a(lib_a-nano-vfprintf.o)
 .rodata._printf_i.str1.1
                0x00000000080098dd       0x22 c:/st/stm32cubeide_1.6.1/stm32cubeide/plugins/com.st.stm32cube.ide.mcu.externaltools.gnu-tools-for-stm32.9-2020-q2-update.win32_2.0.0.202105311346/tools/bin/../lib/gcc/arm-none-eabi/9.3.1/../../../../arm-none-eabi/lib/thumb/v7e-m+dp/hard\libc_nano.a(lib_a-nano-vfprintf_i.o)
 *fill*         0x00000000080098ff        0x1 
 .rodata.__sf_fake_stderr
                0x0000000008009900       0x20 c:/st/stm32cubeide_1.6.1/stm32cubeide/plugins/com.st.stm32cube.ide.mcu.externaltools.gnu-tools-for-stm32.9-2020-q2-update.win32_2.0.0.202105311346/tools/bin/../lib/gcc/arm-none-eabi/9.3.1/../../../../arm-none-eabi/lib/thumb/v7e-m+dp/hard\libc_nano.a(lib_a-findfp.o)
                0x0000000008009900                __sf_fake_stderr
 .rodata.__sf_fake_stdin
                0x0000000008009920       0x20 c:/st/stm32cubeide_1.6.1/stm32cubeide/plugins/com.st.stm32cube.ide.mcu.externaltools.gnu-tools-for-stm32.9-2020-q2-update.win32_2.0.0.202105311346/tools/bin/../lib/gcc/arm-none-eabi/9.3.1/../../../../arm-none-eabi/lib/thumb/v7e-m+dp/hard\libc_nano.a(lib_a-findfp.o)
                0x0000000008009920                __sf_fake_stdin
 .rodata.__sf_fake_stdout
                0x0000000008009940       0x20 c:/st/stm32cubeide_1.6.1/stm32cubeide/plugins/com.st.stm32cube.ide.mcu.externaltools.gnu-tools-for-stm32.9-2020-q2-update.win32_2.0.0.202105311346/tools/bin/../lib/gcc/arm-none-eabi/9.3.1/../../../../arm-none-eabi/lib/thumb/v7e-m+dp/hard\libc_nano.a(lib_a-findfp.o)
                0x0000000008009940                __sf_fake_stdout
                0x0000000008009960                . = ALIGN (0x4)

.ARM.extab      0x0000000008009960        0x0
                0x0000000008009960                . = ALIGN (0x4)
 *(.ARM.extab* .gnu.linkonce.armextab.*)
                0x0000000008009960                . = ALIGN (0x4)

.ARM            0x0000000008009960        0x8
                0x0000000008009960                . = ALIGN (0x4)
                0x0000000008009960                __exidx_start = .
 *(.ARM.exidx*)
 .ARM.exidx     0x0000000008009960        0x8 c:/st/stm32cubeide_1.6.1/stm32cubeide/plugins/com.st.stm32cube.ide.mcu.externaltools.gnu-tools-for-stm32.9-2020-q2-update.win32_2.0.0.202105311346/tools/bin/../lib/gcc/arm-none-eabi/9.3.1/thumb/v7e-m+dp/hard\libgcc.a(_udivmoddi4.o)
                0x0000000008009968                __exidx_end = .
                0x0000000008009968                . = ALIGN (0x4)

.rel.dyn        0x0000000008009968        0x0
 .rel.iplt      0x0000000008009968        0x0 c:/st/stm32cubeide_1.6.1/stm32cubeide/plugins/com.st.stm32cube.ide.mcu.externaltools.gnu-tools-for-stm32.9-2020-q2-update.win32_2.0.0.202105311346/tools/bin/../lib/gcc/arm-none-eabi/9.3.1/thumb/v7e-m+dp/hard/crtbegin.o

.preinit_array  0x0000000008009968        0x0
                0x0000000008009968                . = ALIGN (0x4)
                0x0000000008009968                PROVIDE (__preinit_array_start = .)
 *(.preinit_array*)
                0x0000000008009968                PROVIDE (__preinit_array_end = .)
                0x0000000008009968                . = ALIGN (0x4)

.init_array     0x0000000008009968        0x4
                0x0000000008009968                . = ALIGN (0x4)
                0x0000000008009968                PROVIDE (__init_array_start = .)
 *(SORT_BY_NAME(.init_array.*))
 *(.init_array*)
 .init_array    0x0000000008009968        0x4 c:/st/stm32cubeide_1.6.1/stm32cubeide/plugins/com.st.stm32cube.ide.mcu.externaltools.gnu-tools-for-stm32.9-2020-q2-update.win32_2.0.0.202105311346/tools/bin/../lib/gcc/arm-none-eabi/9.3.1/thumb/v7e-m+dp/hard/crtbegin.o
                0x000000000800996c                PROVIDE (__init_array_end = .)
                0x000000000800996c                . = ALIGN (0x4)

.fini_array     0x000000000800996c        0x4
                0x000000000800996c                . = ALIGN (0x4)
                [!provide]                        PROVIDE (__fini_array_start = .)
 *(SORT_BY_NAME(.fini_array.*))
 *(.fini_array*)
 .fini_array    0x000000000800996c        0x4 c:/st/stm32cubeide_1.6.1/stm32cubeide/plugins/com.st.stm32cube.ide.mcu.externaltools.gnu-tools-for-stm32.9-2020-q2-update.win32_2.0.0.202105311346/tools/bin/../lib/gcc/arm-none-eabi/9.3.1/thumb/v7e-m+dp/hard/crtbegin.o
                [!provide]                        PROVIDE (__fini_array_end = .)
                0x0000000008009970                . = ALIGN (0x4)
                0x0000000008009970                _sidata = LOADADDR (.data)

.data           0x0000000020000000       0xfc load address 0x0000000008009970
                0x0000000020000000                . = ALIGN (0x4)
                0x0000000020000000                _sdata = .
 *(.data)
 *(.data*)
 .data.SystemCoreClock
                0x0000000020000000        0x4 ./Core/Src/system_stm32f7xx.o
                0x0000000020000000                SystemCoreClock
 .data.uwTickPrio
                0x0000000020000004        0x4 ./Drivers/STM32F7xx_HAL_Driver/Src/stm32f7xx_hal.o
                0x0000000020000004                uwTickPrio
 .data.uwTickFreq
                0x0000000020000008        0x1 ./Drivers/STM32F7xx_HAL_Driver/Src/stm32f7xx_hal.o
                0x0000000020000008                uwTickFreq
 *fill*         0x0000000020000009        0x3 
 .data.uxTopUsedPriority
                0x000000002000000c        0x4 ./Middlewares/FreeRTOS/tasks.o
                0x000000002000000c                uxTopUsedPriority
 .data.uxCriticalNesting
                0x0000000020000010        0x4 ./Middlewares/FreeRTOS/portable/GCC/ARM_CM4F/port.o
 .data.eMBState
                0x0000000020000014        0x1 ./Middlewares/modbus/mb.o
 *fill*         0x0000000020000015        0x3 
 .data.xFuncHandlers
                0x0000000020000018       0x80 ./Middlewares/modbus/mb.o
 .data._impure_ptr
                0x0000000020000098        0x4 c:/st/stm32cubeide_1.6.1/stm32cubeide/plugins/com.st.stm32cube.ide.mcu.externaltools.gnu-tools-for-stm32.9-2020-q2-update.win32_2.0.0.202105311346/tools/bin/../lib/gcc/arm-none-eabi/9.3.1/../../../../arm-none-eabi/lib/thumb/v7e-m+dp/hard\libc_nano.a(lib_a-impure.o)
                0x0000000020000098                _impure_ptr
 .data.impure_data
                0x000000002000009c       0x60 c:/st/stm32cubeide_1.6.1/stm32cubeide/plugins/com.st.stm32cube.ide.mcu.externaltools.gnu-tools-for-stm32.9-2020-q2-update.win32_2.0.0.202105311346/tools/bin/../lib/gcc/arm-none-eabi/9.3.1/../../../../arm-none-eabi/lib/thumb/v7e-m+dp/hard\libc_nano.a(lib_a-impure.o)
 *(.RamFunc)
 *(.RamFunc*)
                0x00000000200000fc                . = ALIGN (0x4)
                0x00000000200000fc                _edata = .

.igot.plt       0x00000000200000fc        0x0 load address 0x0000000008009a6c
 .igot.plt      0x00000000200000fc        0x0 c:/st/stm32cubeide_1.6.1/stm32cubeide/plugins/com.st.stm32cube.ide.mcu.externaltools.gnu-tools-for-stm32.9-2020-q2-update.win32_2.0.0.202105311346/tools/bin/../lib/gcc/arm-none-eabi/9.3.1/thumb/v7e-m+dp/hard/crtbegin.o
                0x00000000200000fc                . = ALIGN (0x4)

.bss            0x00000000200000fc    0x13140 load address 0x0000000008009a6c
                0x00000000200000fc                _sbss = .
                0x00000000200000fc                __bss_start__ = _sbss
 *(.bss)
 .bss           0x00000000200000fc       0x1c c:/st/stm32cubeide_1.6.1/stm32cubeide/plugins/com.st.stm32cube.ide.mcu.externaltools.gnu-tools-for-stm32.9-2020-q2-update.win32_2.0.0.202105311346/tools/bin/../lib/gcc/arm-none-eabi/9.3.1/thumb/v7e-m+dp/hard/crtbegin.o
 *(.bss*)
 .bss.__sbrk_heap_end
                0x0000000020000118        0x4 ./Core/Src/sysmem.o
 .bss.pxCurrentTCB
                0x000000002000011c        0x4 ./Middlewares/FreeRTOS/tasks.o
                0x000000002000011c                pxCurrentTCB
 .bss.pxReadyTasksLists
                0x0000000020000120       0x64 ./Middlewares/FreeRTOS/tasks.o
 .bss.xDelayedTaskList1
                0x0000000020000184       0x14 ./Middlewares/FreeRTOS/tasks.o
 .bss.xDelayedTaskList2
                0x0000000020000198       0x14 ./Middlewares/FreeRTOS/tasks.o
 .bss.pxDelayedTaskList
                0x00000000200001ac        0x4 ./Middlewares/FreeRTOS/tasks.o
 .bss.pxOverflowDelayedTaskList
                0x00000000200001b0        0x4 ./Middlewares/FreeRTOS/tasks.o
 .bss.xPendingReadyList
                0x00000000200001b4       0x14 ./Middlewares/FreeRTOS/tasks.o
 .bss.xTasksWaitingTermination
                0x00000000200001c8       0x14 ./Middlewares/FreeRTOS/tasks.o
 .bss.uxDeletedTasksWaitingCleanUp
                0x00000000200001dc        0x4 ./Middlewares/FreeRTOS/tasks.o
 .bss.xSuspendedTaskList
                0x00000000200001e0       0x14 ./Middlewares/FreeRTOS/tasks.o
 .bss.uxCurrentNumberOfTasks
                0x00000000200001f4        0x4 ./Middlewares/FreeRTOS/tasks.o
 .bss.xTickCount
                0x00000000200001f8        0x4 ./Middlewares/FreeRTOS/tasks.o
 .bss.uxTopReadyPriority
                0x00000000200001fc        0x4 ./Middlewares/FreeRTOS/tasks.o
 .bss.xSchedulerRunning
                0x0000000020000200        0x4 ./Middlewares/FreeRTOS/tasks.o
 .bss.xPendedTicks
                0x0000000020000204        0x4 ./Middlewares/FreeRTOS/tasks.o
 .bss.xYieldPending
                0x0000000020000208        0x4 ./Middlewares/FreeRTOS/tasks.o
 .bss.xNumOfOverflows
                0x000000002000020c        0x4 ./Middlewares/FreeRTOS/tasks.o
 .bss.uxTaskNumber
                0x0000000020000210        0x4 ./Middlewares/FreeRTOS/tasks.o
 .bss.xNextTaskUnblockTime
                0x0000000020000214        0x4 ./Middlewares/FreeRTOS/tasks.o
 .bss.xIdleTaskHandle
                0x0000000020000218        0x4 ./Middlewares/FreeRTOS/tasks.o
 .bss.uxSchedulerSuspended
                0x000000002000021c        0x4 ./Middlewares/FreeRTOS/tasks.o
 .bss.xActiveTimerList1
                0x0000000020000220       0x14 ./Middlewares/FreeRTOS/timers.o
 .bss.xActiveTimerList2
                0x0000000020000234       0x14 ./Middlewares/FreeRTOS/timers.o
 .bss.pxCurrentTimerList
                0x0000000020000248        0x4 ./Middlewares/FreeRTOS/timers.o
 .bss.pxOverflowTimerList
                0x000000002000024c        0x4 ./Middlewares/FreeRTOS/timers.o
 .bss.xTimerQueue
                0x0000000020000250        0x4 ./Middlewares/FreeRTOS/timers.o
 .bss.xTimerTaskHandle
                0x0000000020000254        0x4 ./Middlewares/FreeRTOS/timers.o
 .bss.xLastTime.6907
                0x0000000020000258        0x4 ./Middlewares/FreeRTOS/timers.o
 .bss.ucMaxSysCallPriority
                0x000000002000025c        0x1 ./Middlewares/FreeRTOS/portable/GCC/ARM_CM4F/port.o
 *fill*         0x000000002000025d        0x3 
 .bss.ulMaxPRIGROUPValue
                0x0000000020000260        0x4 ./Middlewares/FreeRTOS/portable/GCC/ARM_CM4F/port.o
 .bss.ucHeap    0x0000000020000264    0x12c00 ./Middlewares/FreeRTOS/portable/MemMang/heap_4.o
 .bss.xStart    0x0000000020012e64        0x8 ./Middlewares/FreeRTOS/portable/MemMang/heap_4.o
 .bss.pxEnd     0x0000000020012e6c        0x4 ./Middlewares/FreeRTOS/portable/MemMang/heap_4.o
 .bss.xFreeBytesRemaining
                0x0000000020012e70        0x4 ./Middlewares/FreeRTOS/portable/MemMang/heap_4.o
 .bss.xMinimumEverFreeBytesRemaining
                0x0000000020012e74        0x4 ./Middlewares/FreeRTOS/portable/MemMang/heap_4.o
 .bss.xNumberOfSuccessfulAllocations
                0x0000000020012e78        0x4 ./Middlewares/FreeRTOS/portable/MemMang/heap_4.o
 .bss.xNumberOfSuccessfulFrees
                0x0000000020012e7c        0x4 ./Middlewares/FreeRTOS/portable/MemMang/heap_4.o
 .bss.xBlockAllocatedBit
                0x0000000020012e80        0x4 ./Middlewares/FreeRTOS/portable/MemMang/heap_4.o
 .bss.ucMBSlaveID
                0x0000000020012e84       0x20 ./Middlewares/modbus/functions/mbfuncother.o
 .bss.usMBSlaveIDLen
                0x0000000020012ea4        0x2 ./Middlewares/modbus/functions/mbfuncother.o
 .bss.ucMBAddress
                0x0000000020012ea6        0x1 ./Middlewares/modbus/mb.o
 .bss.eMBCurrentMode
                0x0000000020012ea7        0x1 ./Middlewares/modbus/mb.o
 .bss.peMBFrameSendCur
                0x0000000020012ea8        0x4 ./Middlewares/modbus/mb.o
 .bss.pvMBFrameStartCur
                0x0000000020012eac        0x4 ./Middlewares/modbus/mb.o
 .bss.pvMBFrameStopCur
                0x0000000020012eb0        0x4 ./Middlewares/modbus/mb.o
 .bss.peMBFrameReceiveCur
                0x0000000020012eb4        0x4 ./Middlewares/modbus/mb.o
 .bss.pvMBFrameCloseCur
                0x0000000020012eb8        0x4 ./Middlewares/modbus/mb.o
 .bss.ucRcvAddress.10588
                0x0000000020012ebc        0x1 ./Middlewares/modbus/mb.o
 *fill*         0x0000000020012ebd        0x3 
 .bss.ucMBFrame.10587
                0x0000000020012ec0        0x4 ./Middlewares/modbus/mb.o
 .bss.usLength.10590
                0x0000000020012ec4        0x2 ./Middlewares/modbus/mb.o
 .bss.ucFunctionCode.10589
                0x0000000020012ec6        0x1 ./Middlewares/modbus/mb.o
 .bss.eException.10591
                0x0000000020012ec7        0x1 ./Middlewares/modbus/mb.o
 .bss.xSlaveOsEvent
                0x0000000020012ec8        0x4 ./Middlewares/modbus/port/portevent.o
 .bss.timeout   0x0000000020012ecc        0x2 ./Middlewares/modbus/port/porttimer.o
                0x0000000020012ecc                timeout
 .bss.downcounter
                0x0000000020012ece        0x2 ./Middlewares/modbus/port/porttimer.o
                0x0000000020012ece                downcounter
 .bss.usSDiscInStart
                0x0000000020012ed0        0x2 ./Middlewares/modbus/port/user_mb_app.o
                0x0000000020012ed0                usSDiscInStart
 .bss.usSCoilStart
                0x0000000020012ed2        0x2 ./Middlewares/modbus/port/user_mb_app.o
                0x0000000020012ed2                usSCoilStart
 .bss.usSRegInStart
                0x0000000020012ed4        0x2 ./Middlewares/modbus/port/user_mb_app.o
                0x0000000020012ed4                usSRegInStart
 .bss.usSRegHoldStart
                0x0000000020012ed6        0x2 ./Middlewares/modbus/port/user_mb_app.o
                0x0000000020012ed6                usSRegHoldStart
 .bss.eSndState
                0x0000000020012ed8        0x1 ./Middlewares/modbus/rtu/mbrtu.o
 .bss.eRcvState
                0x0000000020012ed9        0x1 ./Middlewares/modbus/rtu/mbrtu.o
 *fill*         0x0000000020012eda        0x2 
 .bss.pucSndBufferCur
                0x0000000020012edc        0x4 ./Middlewares/modbus/rtu/mbrtu.o
 .bss.usSndBufferCount
                0x0000000020012ee0        0x2 ./Middlewares/modbus/rtu/mbrtu.o
 .bss.usRcvBufferPos
                0x0000000020012ee2        0x2 ./Middlewares/modbus/rtu/mbrtu.o
 .bss.__malloc_free_list
                0x0000000020012ee4        0x4 c:/st/stm32cubeide_1.6.1/stm32cubeide/plugins/com.st.stm32cube.ide.mcu.externaltools.gnu-tools-for-stm32.9-2020-q2-update.win32_2.0.0.202105311346/tools/bin/../lib/gcc/arm-none-eabi/9.3.1/../../../../arm-none-eabi/lib/thumb/v7e-m+dp/hard\libc_nano.a(lib_a-nano-mallocr.o)
                0x0000000020012ee4                __malloc_free_list
 .bss.__malloc_sbrk_start
                0x0000000020012ee8        0x4 c:/st/stm32cubeide_1.6.1/stm32cubeide/plugins/com.st.stm32cube.ide.mcu.externaltools.gnu-tools-for-stm32.9-2020-q2-update.win32_2.0.0.202105311346/tools/bin/../lib/gcc/arm-none-eabi/9.3.1/../../../../arm-none-eabi/lib/thumb/v7e-m+dp/hard\libc_nano.a(lib_a-nano-mallocr.o)
                0x0000000020012ee8                __malloc_sbrk_start
 *(COMMON)
 COMMON         0x0000000020012eec      0x154 ./Core/Src/main.o
                0x0000000020012eec                huart3
                0x0000000020012f70                huart2
                0x0000000020012ff4                htim7
 COMMON         0x0000000020013040       0x4c ./Core/Src/stm32f7xx_hal_timebase_tim.o
                0x0000000020013040                htim6
 COMMON         0x000000002001308c        0x4 ./Drivers/STM32F7xx_HAL_Driver/Src/stm32f7xx_hal.o
                0x000000002001308c                uwTick
 COMMON         0x0000000020013090       0x40 ./Middlewares/FreeRTOS/queue.o
                0x0000000020013090                xQueueRegistry
 COMMON         0x00000000200130d0        0xc ./Middlewares/modbus/mb.o
                0x00000000200130d0                pxMBFrameCBTransmitterEmpty
                0x00000000200130d4                pxMBPortCBTimerExpired
                0x00000000200130d8                pxMBFrameCBByteReceived
 COMMON         0x00000000200130dc       0x48 ./Middlewares/modbus/port/user_mb_app.o
                0x00000000200130dc                ucSCoilBuf
                0x00000000200130e0                ucSDiscInBuf
                0x00000000200130e4                usSRegHoldBuf
                0x0000000020013104                usSRegInBuf
 COMMON         0x0000000020013124      0x100 ./Middlewares/modbus/rtu/mbrtu.o
                0x0000000020013124                ucRTUBuf
 COMMON         0x0000000020013224        0x8 ./Middlewares/modbus_slave_task.o
                0x0000000020013224                led_handle
                0x0000000020013228                slavepoll_handle
 COMMON         0x000000002001322c        0x9 c:/st/stm32cubeide_1.6.1/stm32cubeide/plugins/com.st.stm32cube.ide.mcu.externaltools.gnu-tools-for-stm32.9-2020-q2-update.win32_2.0.0.202105311346/tools/bin/../lib/gcc/arm-none-eabi/9.3.1/../../../../arm-none-eabi/lib/thumb/v7e-m+dp/hard\libc_nano.a(lib_a-lock.o)
                0x000000002001322c                __lock___atexit_recursive_mutex
                0x000000002001322d                __lock___arc4random_mutex
                0x000000002001322e                __lock___env_recursive_mutex
                0x000000002001322f                __lock___sinit_recursive_mutex
                0x0000000020013230                __lock___malloc_recursive_mutex
                0x0000000020013231                __lock___at_quick_exit_mutex
                0x0000000020013232                __lock___dd_hash_mutex
                0x0000000020013233                __lock___tz_mutex
                0x0000000020013234                __lock___sfp_recursive_mutex