timers.c:233:16:xTimerCreateTimerTask	24	static,ignoring_inline_asm
timers.c:288:23:xTimerCreate	40	static
timers.c:355:17:prvInitialiseNewTimer	32	static,ignoring_inline_asm
timers.c:386:16:xTimerGenericCommand	48	static,ignoring_inline_asm
timers.c:433:18:xTimerGetTimerDaemonTaskHandle	16	static,ignoring_inline_asm
timers.c:442:16:xTimerGetPeriod	24	static,ignoring_inline_asm
timers.c:451:10:vTimerSetReloadMode	24	static,ignoring_inline_asm
timers.c:472:17:uxTimerGetReloadMode	32	static,ignoring_inline_asm
timers.c:497:16:xTimerGetExpiryTime	32	static,ignoring_inline_asm
timers.c:508:18:pcTimerGetName	24	static,ignoring_inline_asm
timers.c:517:17:prvReloadTimer	24	static
timers.c:536:17:prvProcessExpiredTimer	24	static
timers.c:562:12:prvTimerTask	24	static
timers.c:598:17:prvProcessTimerOrBlockTask	24	static,ignoring_inline_asm
timers.c:660:23:prvGetNextExpireTime	24	static
timers.c:687:23:prvSampleTimeNow	24	static
timers.c:710:23:prvInsertTimerInActiveList	32	static
timers.c:754:17:prvProcessReceivedCommands	48	static,ignoring_inline_asm
timers.c:902:17:prvSwitchTimerLists	16	static
timers.c:927:17:prvCheckForValidListAndQueue	8	static
timers.c:978:16:xTimerIsTimerActive	32	static,ignoring_inline_asm
timers.c:1003:12:pvTimerGetTimerID	32	static,ignoring_inline_asm
timers.c:1020:10:vTimerSetTimerID	24	static,ignoring_inline_asm
timers.c:1037:20:xTimerPendFunctionCallFromISR	48	static
timers.c:1064:20:xTimerPendFunctionCall	48	static,ignoring_inline_asm
timers.c:1096:21:uxTimerGetTimerNumber	16	static
timers.c:1106:14:vTimerSetTimerNumber	16	static
